10.123.66.32 - - [07/Dec/2013:19:10:32 -0500] "GET / HTTP/1.1" 200 27615 "-" "Ruby"
10.123.66.32 - - [07/Dec/2013:19:10:32 -0500] "GET / HTTP/1.1" 200 27615 "-" "Ruby"
199.21.99.77 - - [07/Dec/2013:19:59:41 -0500] "GET /about-us HTTP/1.1" 200 5154 "-" "Mozilla/5.0 (compatible; YandexBot/3.0; +http://yandex.com/bots)"
10.123.66.32 - - [07/Dec/2013:20:10:33 -0500] "GET / HTTP/1.1" 200 27615 "-" "Ruby"
10.123.66.32 - - [07/Dec/2013:20:10:33 -0500] "GET / HTTP/1.1" 200 27615 "-" "Ruby"
66.249.66.29 - - [07/Dec/2013:20:20:37 -0500] "GET /sites/default/files/css/css_pbm0lsQQJ7A7WCCIMgxLho6mI_kBNgznNUWmTWcnfoE.css HTTP/1.1" 200 2217 "-" "Mozilla/5.0 (compatible; Googlebot/2.1; +http://www.google.com/bot.html)"
157.55.34.28 - - [07/Dec/2013:20:21:34 -0500] "GET /robots.txt HTTP/1.1" 200 1561 "-" "Mozilla/5.0 (compatible; bingbot/2.0; +http://www.bing.com/bingbot.htm)"
157.55.34.28 - - [07/Dec/2013:20:24:11 -0500] "GET /emergencyserv.html HTTP/1.1" 404 3809 "-" "Mozilla/5.0 (compatible; bingbot/2.0; +http://www.bing.com/bingbot.htm)"
46.229.167.149 - - [07/Dec/2013:20:31:42 -0500] "GET / HTTP/1.1" 200 27615 "-" "Mozilla/5.0 (X11; U; Linux x86_64; en-US; rv:1.9.2.8) Gecko/20100723 SUSE/3.6.8-0.1.1 Firefox/3.6.8"
46.229.167.149 - - [07/Dec/2013:20:38:01 -0500] "GET / HTTP/1.1" 200 27615 "-" "-"
46.229.167.149 - - [07/Dec/2013:20:40:46 -0500] "GET / HTTP/1.1" 200 27615 "-" "Mozilla/5.0 (Windows NT 6.1; WOW64; rv:2.0b8pre) Gecko/20101114 Firefox/4.0b8pre"
10.123.66.32 - - [07/Dec/2013:21:10:38 -0500] "GET / HTTP/1.1" 200 27615 "-" "Ruby"
10.123.66.32 - - [07/Dec/2013:21:10:38 -0500] "GET / HTTP/1.1" 200 27615 "-" "Ruby"
157.55.34.28 - - [07/Dec/2013:21:13:36 -0500] "GET /repair-exchange-program HTTP/1.1" 200 5252 "-" "Mozilla/5.0 (compatible; bingbot/2.0; +http://www.bing.com/bingbot.htm)"
199.21.99.77 - - [07/Dec/2013:21:37:25 -0500] "GET /etching-marking HTTP/1.1" 200 5330 "-" "Mozilla/5.0 (compatible; YandexBot/3.0; +http://yandex.com/bots)"
157.55.32.80 - - [07/Dec/2013:21:58:50 -0500] "GET /content/cutting HTTP/1.1" 200 4415 "-" "Mozilla/5.0 (compatible; bingbot/2.0; +http://www.bing.com/bingbot.htm)"
10.123.66.32 - - [07/Dec/2013:22:10:35 -0500] "GET / HTTP/1.1" 200 27615 "-" "Ruby"
10.123.66.32 - - [07/Dec/2013:22:10:35 -0500] "GET / HTTP/1.1" 200 27615 "-" "Ruby"
10.123.66.32 - - [07/Dec/2013:23:10:34 -0500] "GET / HTTP/1.1" 200 27615 "-" "Ruby"
10.123.66.32 - - [07/Dec/2013:23:10:34 -0500] "GET / HTTP/1.1" 200 27615 "-" "Ruby"
199.21.99.77 - - [07/Dec/2013:23:55:48 -0500] "GET /robots.txt HTTP/1.1" 200 1561 "-" "Mozilla/5.0 (compatible; YandexBot/3.0; +http://yandex.com/bots)"
10.123.66.32 - - [08/Dec/2013:00:10:32 -0500] "GET / HTTP/1.1" 200 27615 "-" "Ruby"
10.123.66.32 - - [08/Dec/2013:00:10:33 -0500] "GET / HTTP/1.1" 200 27615 "-" "Ruby"
10.123.66.32 - - [08/Dec/2013:01:10:37 -0500] "GET / HTTP/1.1" 200 27615 "-" "Ruby"
10.123.66.32 - - [08/Dec/2013:01:10:37 -0500] "GET / HTTP/1.1" 200 27615 "-" "Ruby"
10.123.66.32 - - [08/Dec/2013:02:10:36 -0500] "GET / HTTP/1.1" 200 27615 "-" "Ruby"
10.123.66.32 - - [08/Dec/2013:02:10:37 -0500] "GET / HTTP/1.1" 200 27615 "-" "Ruby"
10.123.66.32 - - [08/Dec/2013:03:10:34 -0500] "GET / HTTP/1.1" 200 27615 "-" "Ruby"
10.123.66.32 - - [08/Dec/2013:03:10:34 -0500] "GET / HTTP/1.1" 200 27615 "-" "Ruby"
111.196.190.218 - - [08/Dec/2013:03:17:08 -0500] "GET / HTTP/1.1" 200 7255 "http://www.laser-advantage.com/" "Mozilla/5.0 (compatible; MSIE 10.0; Windows NT 6.1; WOW64; Trident/6.0)"
157.55.34.28 - - [08/Dec/2013:03:43:14 -0500] "GET /robots.txt HTTP/1.1" 200 1561 "-" "Mozilla/5.0 (compatible; bingbot/2.0; +http://www.bing.com/bingbot.htm)"
157.55.34.28 - - [08/Dec/2013:03:45:33 -0500] "GET /print/article/ribbon-cutting-ceremony-laser-advantage HTTP/1.1" 200 6243 "-" "Mozilla/5.0 (compatible; bingbot/2.0; +http://www.bing.com/bingbot.htm)"
10.123.66.32 - - [08/Dec/2013:04:10:33 -0500] "GET / HTTP/1.1" 200 27615 "-" "Ruby"
10.123.66.32 - - [08/Dec/2013:04:10:38 -0500] "GET / HTTP/1.1" 200 27615 "-" "Ruby"
10.123.66.32 - - [08/Dec/2013:05:10:34 -0500] "GET / HTTP/1.1" 200 27615 "-" "Ruby"
10.123.66.32 - - [08/Dec/2013:05:10:34 -0500] "GET / HTTP/1.1" 200 27615 "-" "Ruby"
157.55.35.43 - - [08/Dec/2013:05:21:28 -0500] "GET /robots.txt HTTP/1.1" 200 1561 "-" "Mozilla/5.0 (compatible; bingbot/2.0; +http://www.bing.com/bingbot.htm)"
157.55.35.43 - - [08/Dec/2013:06:05:19 -0500] "GET / HTTP/1.1" 200 7255 "-" "Mozilla/5.0 (compatible; bingbot/2.0; +http://www.bing.com/bingbot.htm)"
10.123.66.32 - - [08/Dec/2013:06:10:37 -0500] "GET / HTTP/1.1" 200 27615 "-" "Ruby"
10.123.66.32 - - [08/Dec/2013:06:10:37 -0500] "GET / HTTP/1.1" 200 27615 "-" "Ruby"
199.21.99.77 - - [08/Dec/2013:06:50:13 -0500] "GET /robots.txt HTTP/1.1" 200 1561 "-" "Mozilla/5.0 (compatible; YandexBot/3.0; +http://yandex.com/bots)"
199.21.99.77 - - [08/Dec/2013:06:58:45 -0500] "GET / HTTP/1.1" 200 7255 "-" "Mozilla/5.0 (compatible; YandexBot/3.0; +http://yandex.com/bots)"
10.123.66.32 - - [08/Dec/2013:07:10:37 -0500] "GET / HTTP/1.1" 200 27615 "-" "Ruby"
10.123.66.32 - - [08/Dec/2013:07:10:37 -0500] "GET / HTTP/1.1" 200 27615 "-" "Ruby"
199.21.99.77 - - [08/Dec/2013:07:24:22 -0500] "GET / HTTP/1.1" 200 7255 "-" "Mozilla/5.0 (compatible; YandexBot/3.0; +http://yandex.com/bots)"
199.21.99.77 - - [08/Dec/2013:07:41:32 -0500] "GET /drilling HTTP/1.1" 200 5020 "-" "Mozilla/5.0 (compatible; YandexBot/3.0; +http://yandex.com/bots)"
199.21.99.77 - - [08/Dec/2013:07:41:54 -0500] "GET /upgrades HTTP/1.1" 200 4974 "-" "Mozilla/5.0 (compatible; YandexBot/3.0; +http://yandex.com/bots)"
199.21.99.77 - - [08/Dec/2013:07:42:06 -0500] "GET /content/welding HTTP/1.1" 200 4384 "-" "Mozilla/5.0 (compatible; YandexBot/3.0; +http://yandex.com/bots)"
199.21.99.77 - - [08/Dec/2013:07:55:20 -0500] "GET /surplus HTTP/1.1" 200 4690 "-" "Mozilla/5.0 (compatible; YandexBot/3.0; +http://yandex.com/bots)"
157.55.35.43 - - [08/Dec/2013:08:01:37 -0500] "GET /robots.txt HTTP/1.1" 200 1561 "-" "Mozilla/5.0 (compatible; bingbot/2.0; +http://www.bing.com/bingbot.htm)"
10.123.66.32 - - [08/Dec/2013:08:10:33 -0500] "GET / HTTP/1.1" 200 27615 "-" "Ruby"
10.123.66.32 - - [08/Dec/2013:08:10:36 -0500] "GET / HTTP/1.1" 200 27615 "-" "Ruby"
199.21.99.77 - - [08/Dec/2013:08:21:28 -0500] "GET /system-parts HTTP/1.1" 200 4831 "-" "Mozilla/5.0 (compatible; YandexBot/3.0; +http://yandex.com/bots)"
14.98.130.188 - - [08/Dec/2013:08:34:28 -0500] "GET / HTTP/1.1" 200 7252 "http://www.laser-advantage.com/" "Mozilla/5.0 (Windows; U; Windows NT 6.2; en-US) AppleWebKit/534.6 (KHTML, like Gecko) Chrome/7.0.503.0 Safari/534.6"
14.98.130.188 - - [08/Dec/2013:08:34:30 -0500] "GET /sites/default/files/css/css_pbm0lsQQJ7A7WCCIMgxLho6mI_kBNgznNUWmTWcnfoE.css HTTP/1.1" 200 2217 "http://laser-laseradvantage.rhcloud.com/" "Mozilla/5.0 (Windows; U; Windows NT 6.2; en-US) AppleWebKit/534.6 (KHTML, like Gecko) Chrome/7.0.503.0 Safari/534.6"
14.98.130.188 - - [08/Dec/2013:08:34:30 -0500] "GET /sites/default/files/css/css_9sxGDGiqoYoSx7kdDQ6i_fK7j8yl_iw4SeDX9fKzAHQ.css HTTP/1.1" 200 1602 "http://laser-laseradvantage.rhcloud.com/" "Mozilla/5.0 (Windows; U; Windows NT 6.2; en-US) AppleWebKit/534.6 (KHTML, like Gecko) Chrome/7.0.503.0 Safari/534.6"
14.98.130.188 - - [08/Dec/2013:08:34:31 -0500] "GET /sites/default/files/css/css_9TlfNQBcLD_7AFKRlmbqjRRfn9b3hHqVL39ForIUXow.css HTTP/1.1" 200 1813 "http://laser-laseradvantage.rhcloud.com/" "Mozilla/5.0 (Windows; U; Windows NT 6.2; en-US) AppleWebKit/534.6 (KHTML, like Gecko) Chrome/7.0.503.0 Safari/534.6"
14.98.130.188 - - [08/Dec/2013:08:34:31 -0500] "GET /sites/default/files/css/css_xc1m43s0g5wXrXHArec4rt4BZHEn3Mi92RvD5iZu6Tg.css HTTP/1.1" 200 14699 "http://laser-laseradvantage.rhcloud.com/" "Mozilla/5.0 (Windows; U; Windows NT 6.2; en-US) AppleWebKit/534.6 (KHTML, like Gecko) Chrome/7.0.503.0 Safari/534.6"
14.98.130.188 - - [08/Dec/2013:08:34:31 -0500] "GET /sites/default/files/js/js_xAPl0qIk9eowy_iS9tNkCWXLUVoat94SQT48UBCFkyQ.js HTTP/1.1" 200 32743 "http://laser-laseradvantage.rhcloud.com/" "Mozilla/5.0 (Windows; U; Windows NT 6.2; en-US) AppleWebKit/534.6 (KHTML, like Gecko) Chrome/7.0.503.0 Safari/534.6"
14.98.130.188 - - [08/Dec/2013:08:34:57 -0500] "GET /sites/default/files/js/js_pF2hY2q4ZXFBNLWXkJM725wESyWCKPKt33lQvtZYa7Q.js HTTP/1.1" 200 163 "http://laser-laseradvantage.rhcloud.com/" "Mozilla/5.0 (Windows; U; Windows NT 6.2; en-US) AppleWebKit/534.6 (KHTML, like Gecko) Chrome/7.0.503.0 Safari/534.6"
14.98.130.188 - - [08/Dec/2013:08:34:57 -0500] "GET /sites/default/files/js/js_MsTENiWky5a1CkmPfb2yxYTX5hG-o3jDgQfynMVdEM4.js HTTP/1.1" 200 29885 "http://laser-laseradvantage.rhcloud.com/" "Mozilla/5.0 (Windows; U; Windows NT 6.2; en-US) AppleWebKit/534.6 (KHTML, like Gecko) Chrome/7.0.503.0 Safari/534.6"
14.98.130.188 - - [08/Dec/2013:08:35:03 -0500] "GET /sites/all/themes/laser/images/body_background.png HTTP/1.1" 200 141 "http://laser-laseradvantage.rhcloud.com/" "Mozilla/5.0 (Windows; U; Windows NT 6.2; en-US) AppleWebKit/534.6 (KHTML, like Gecko) Chrome/7.0.503.0 Safari/534.6"
14.98.130.188 - - [08/Dec/2013:08:35:05 -0500] "GET /misc/menu-leaf.png HTTP/1.1" 200 126 "http://laser-laseradvantage.rhcloud.com/" "Mozilla/5.0 (Windows; U; Windows NT 6.2; en-US) AppleWebKit/534.6 (KHTML, like Gecko) Chrome/7.0.503.0 Safari/534.6"
14.98.130.188 - - [08/Dec/2013:08:35:05 -0500] "GET /sites/default/files/images/get-a-quote.png HTTP/1.1" 200 29093 "http://laser-laseradvantage.rhcloud.com/" "Mozilla/5.0 (Windows; U; Windows NT 6.2; en-US) AppleWebKit/534.6 (KHTML, like Gecko) Chrome/7.0.503.0 Safari/534.6"
14.98.130.188 - - [08/Dec/2013:08:35:05 -0500] "GET / HTTP/1.1" 304 - "http://laser-laseradvantage.rhcloud.com/" "Mozilla/5.0 (Windows; U; Windows NT 6.2; en-US) AppleWebKit/534.6 (KHTML, like Gecko) Chrome/7.0.503.0 Safari/534.6"
14.98.130.188 - - [08/Dec/2013:08:35:03 -0500] "GET /sites/all/themes/laser/images/header-metal-background-top-1.png HTTP/1.1" 200 425481 "http://laser-laseradvantage.rhcloud.com/" "Mozilla/5.0 (Windows; U; Windows NT 6.2; en-US) AppleWebKit/534.6 (KHTML, like Gecko) Chrome/7.0.503.0 Safari/534.6"
14.98.130.188 - - [08/Dec/2013:08:35:08 -0500] "GET /sites/all/themes/laser/logo.png HTTP/1.1" 200 52116 "http://laser-laseradvantage.rhcloud.com/" "Mozilla/5.0 (Windows; U; Windows NT 6.2; en-US) AppleWebKit/534.6 (KHTML, like Gecko) Chrome/7.0.503.0 Safari/534.6"
14.98.130.188 - - [08/Dec/2013:08:35:08 -0500] "GET /sites/default/files/styles/slideshow_image/public/welding-1.png?itok=hbfrmJ9L HTTP/1.1" 200 192808 "http://laser-laseradvantage.rhcloud.com/" "Mozilla/5.0 (Windows; U; Windows NT 6.2; en-US) AppleWebKit/534.6 (KHTML, like Gecko) Chrome/7.0.503.0 Safari/534.6"
14.98.130.188 - - [08/Dec/2013:08:35:08 -0500] "GET /sites/all/themes/laser/images/slideshow-wave-1.png HTTP/1.1" 200 94215 "http://laser-laseradvantage.rhcloud.com/" "Mozilla/5.0 (Windows; U; Windows NT 6.2; en-US) AppleWebKit/534.6 (KHTML, like Gecko) Chrome/7.0.503.0 Safari/534.6"
14.98.130.188 - - [08/Dec/2013:08:35:10 -0500] "GET /sites/default/files/styles/slideshow_image/public/cutting_img_0.jpg?itok=sJL69xs3 HTTP/1.1" 200 52376 "http://laser-laseradvantage.rhcloud.com/" "Mozilla/5.0 (Windows; U; Windows NT 6.2; en-US) AppleWebKit/534.6 (KHTML, like Gecko) Chrome/7.0.503.0 Safari/534.6"
- - - [08/Dec/2013:08:35:12 -0500] "OPTIONS * HTTP/1.0" 200 - "-" "Apache/2.2.22 (Red Hat Enterprise Web Server) (internal dummy connection)"
14.98.130.188 - - [08/Dec/2013:08:35:09 -0500] "GET /sites/default/files/styles/slideshow_image/public/maintenance.png?itok=Kimxlaqb HTTP/1.1" 200 468373 "http://laser-laseradvantage.rhcloud.com/" "Mozilla/5.0 (Windows; U; Windows NT 6.2; en-US) AppleWebKit/534.6 (KHTML, like Gecko) Chrome/7.0.503.0 Safari/534.6"
- - - [08/Dec/2013:08:35:15 -0500] "OPTIONS * HTTP/1.0" 200 - "-" "Apache/2.2.22 (Red Hat Enterprise Web Server) (internal dummy connection)"
14.98.130.188 - - [08/Dec/2013:08:36:02 -0500] "GET /sites/default/files/styles/slideshow_image/public/cutting.png?itok=HN-TqwI- HTTP/1.1" 200 242181 "http://laser-laseradvantage.rhcloud.com/" "Mozilla/5.0 (Windows; U; Windows NT 6.2; en-US) AppleWebKit/534.6 (KHTML, like Gecko) Chrome/7.0.503.0 Safari/534.6"
14.98.130.188 - - [08/Dec/2013:08:36:02 -0500] "GET /sites/all/themes/laser/images/pager-inactive.png HTTP/1.1" 200 1072 "http://laser-laseradvantage.rhcloud.com/" "Mozilla/5.0 (Windows; U; Windows NT 6.2; en-US) AppleWebKit/534.6 (KHTML, like Gecko) Chrome/7.0.503.0 Safari/534.6"
14.98.130.188 - - [08/Dec/2013:08:36:11 -0500] "GET /misc/menu-expanded.png HTTP/1.1" 200 106 "http://laser-laseradvantage.rhcloud.com/" "Mozilla/5.0 (Windows; U; Windows NT 6.2; en-US) AppleWebKit/534.6 (KHTML, like Gecko) Chrome/7.0.503.0 Safari/534.6"
14.98.130.188 - - [08/Dec/2013:08:36:43 -0500] "GET /sites/all/modules/colorbox/styles/default/images/controls.png HTTP/1.1" 200 2104 "http://laser-laseradvantage.rhcloud.com/" "Mozilla/5.0 (Windows; U; Windows NT 6.2; en-US) AppleWebKit/534.6 (KHTML, like Gecko) Chrome/7.0.503.0 Safari/534.6"
14.98.130.188 - - [08/Dec/2013:08:36:44 -0500] "GET /sites/all/themes/laser/css/bootstrap/img/glyphicons-halflings.png HTTP/1.1" 200 4352 "http://laser-laseradvantage.rhcloud.com/" "Mozilla/5.0 (Windows; U; Windows NT 6.2; en-US) AppleWebKit/534.6 (KHTML, like Gecko) Chrome/7.0.503.0 Safari/534.6"
14.98.130.188 - - [08/Dec/2013:08:36:52 -0500] "GET /sites/all/themes/laser/images/pager-active.png HTTP/1.1" 200 1196 "http://laser-laseradvantage.rhcloud.com/" "Mozilla/5.0 (Windows; U; Windows NT 6.2; en-US) AppleWebKit/534.6 (KHTML, like Gecko) Chrome/7.0.503.0 Safari/534.6"
14.98.130.188 - - [08/Dec/2013:08:37:24 -0500] "GET /sites/default/files/styles/slideshow_image/public/service.png?itok=ogLlEbbe HTTP/1.1" 200 432736 "http://laser-laseradvantage.rhcloud.com/" "Mozilla/5.0 (Windows; U; Windows NT 6.2; en-US) AppleWebKit/534.6 (KHTML, like Gecko) Chrome/7.0.503.0 Safari/534.6"
14.98.130.188 - - [08/Dec/2013:08:37:25 -0500] "GET /sites/all/modules/colorbox/styles/default/images/loading_animation.gif HTTP/1.1" 200 2767 "http://laser-laseradvantage.rhcloud.com/" "Mozilla/5.0 (Windows; U; Windows NT 6.2; en-US) AppleWebKit/534.6 (KHTML, like Gecko) Chrome/7.0.503.0 Safari/534.6"
157.55.33.79 - - [08/Dec/2013:08:38:46 -0500] "GET /content/application HTTP/1.1" 200 4322 "-" "Mozilla/5.0 (compatible; bingbot/2.0; +http://www.bing.com/bingbot.htm)"
199.21.99.77 - - [08/Dec/2013:08:47:37 -0500] "GET /contact-us HTTP/1.1" 200 5195 "-" "Mozilla/5.0 (compatible; YandexBot/3.0; +http://yandex.com/bots)"
157.55.35.43 - - [08/Dec/2013:08:49:01 -0500] "GET /directions HTTP/1.1" 200 5208 "-" "Mozilla/5.0 (compatible; bingbot/2.0; +http://www.bing.com/bingbot.htm)"
10.123.66.32 - - [08/Dec/2013:09:10:37 -0500] "GET / HTTP/1.1" 200 27615 "-" "Ruby"
10.123.66.32 - - [08/Dec/2013:09:10:37 -0500] "GET / HTTP/1.1" 200 27615 "-" "Ruby"
199.21.99.77 - - [08/Dec/2013:09:13:47 -0500] "GET /content/cutting HTTP/1.1" 200 4413 "-" "Mozilla/5.0 (compatible; YandexBot/3.0; +http://yandex.com/bots)"
199.21.99.77 - - [08/Dec/2013:09:26:51 -0500] "GET /maintenance HTTP/1.1" 200 5206 "-" "Mozilla/5.0 (compatible; YandexBot/3.0; +http://yandex.com/bots)"
199.21.99.77 - - [08/Dec/2013:09:39:56 -0500] "GET /cutting HTTP/1.1" 200 5019 "-" "Mozilla/5.0 (compatible; YandexBot/3.0; +http://yandex.com/bots)"
199.21.99.77 - - [08/Dec/2013:09:53:06 -0500] "GET /directions HTTP/1.1" 200 5208 "-" "Mozilla/5.0 (compatible; YandexBot/3.0; +http://yandex.com/bots)"
199.21.99.77 - - [08/Dec/2013:10:06:11 -0500] "GET /forms/quote-form HTTP/1.1" 200 29443 "-" "Mozilla/5.0 (compatible; YandexBot/3.0; +http://yandex.com/bots)"
10.123.66.32 - - [08/Dec/2013:10:10:37 -0500] "GET / HTTP/1.1" 200 27615 "-" "Ruby"
10.123.66.32 - - [08/Dec/2013:10:10:38 -0500] "GET / HTTP/1.1" 200 27615 "-" "Ruby"
199.21.99.77 - - [08/Dec/2013:10:19:20 -0500] "GET /contract-manufacturing HTTP/1.1" 200 4961 "-" "Mozilla/5.0 (compatible; YandexBot/3.0; +http://yandex.com/bots)"
157.55.35.75 - - [08/Dec/2013:10:32:15 -0500] "GET /robots.txt HTTP/1.1" 200 1561 "-" "Mozilla/5.0 (compatible; bingbot/2.0; +http://www.bing.com/bingbot.htm)"
157.55.35.75 - - [08/Dec/2013:10:45:57 -0500] "GET /about-us HTTP/1.1" 200 5154 "-" "Mozilla/5.0 (compatible; bingbot/2.0; +http://www.bing.com/bingbot.htm)"
199.21.99.77 - - [08/Dec/2013:11:09:27 -0500] "GET /systems HTTP/1.1" 200 5038 "-" "Mozilla/5.0 (compatible; YandexBot/3.0; +http://yandex.com/bots)"
10.123.66.32 - - [08/Dec/2013:11:10:34 -0500] "GET / HTTP/1.1" 200 27615 "-" "Ruby"
10.123.66.32 - - [08/Dec/2013:11:10:37 -0500] "GET / HTTP/1.1" 200 27615 "-" "Ruby"
208.80.194.125 - - [08/Dec/2013:11:50:05 -0500] "GET / HTTP/1.1" 200 27615 "-" "Mozilla/5.0 (X11; U; Linux i686; en-US; rv:1.9.2.11) Gecko/20101013 Ubuntu/10.04 (lucid) Firefox/3.6.11"
208.80.194.121 - - [08/Dec/2013:11:56:21 -0500] "GET / HTTP/1.1" 200 27615 "-" "Mozilla/5.0 (compatible; MSIE 9.0; Windows NT 6.1; Win64; x64; Trident/5.0)"
10.123.66.32 - - [08/Dec/2013:12:10:33 -0500] "GET / HTTP/1.1" 200 27615 "-" "Ruby"
10.123.66.32 - - [08/Dec/2013:12:10:33 -0500] "GET / HTTP/1.1" 200 27615 "-" "Ruby"
66.249.66.169 - - [08/Dec/2013:12:33:57 -0500] "GET /robots.txt HTTP/1.1" 200 1561 "-" "Mozilla/5.0 (compatible; Googlebot/2.1; +http://www.google.com/bot.html)"
66.249.66.169 - - [08/Dec/2013:12:33:57 -0500] "GET / HTTP/1.1" 200 7248 "-" "Mozilla/5.0 (iPhone; CPU iPhone OS 6_0 like Mac OS X) AppleWebKit/536.26 (KHTML, like Gecko) Version/6.0 Mobile/10A5376e Safari/8536.25 (compatible; Googlebot-Mobile/2.1; +http://www.google.com/bot.html)"
66.249.66.29 - - [08/Dec/2013:12:39:36 -0500] "GET /robots.txt HTTP/1.1" 200 1561 "-" "Mozilla/5.0 (compatible; Googlebot/2.1; +http://www.google.com/bot.html)"
66.249.66.29 - - [08/Dec/2013:12:39:36 -0500] "GET /sites/default/files/css/css_9sxGDGiqoYoSx7kdDQ6i_fK7j8yl_iw4SeDX9fKzAHQ.css HTTP/1.1" 200 1602 "-" "Mozilla/5.0 (compatible; Googlebot/2.1; +http://www.google.com/bot.html)"
10.123.66.32 - - [08/Dec/2013:13:10:36 -0500] "GET / HTTP/1.1" 200 27615 "-" "Ruby"
10.123.66.32 - - [08/Dec/2013:13:10:36 -0500] "GET / HTTP/1.1" 200 27615 "-" "Ruby"
199.21.99.77 - - [08/Dec/2013:13:13:05 -0500] "GET /materials HTTP/1.1" 200 5042 "-" "Mozilla/5.0 (compatible; YandexBot/3.0; +http://yandex.com/bots)"
199.21.99.77 - - [08/Dec/2013:13:51:45 -0500] "GET /article/design2part-tradeshow HTTP/1.1" 200 4369 "-" "Mozilla/5.0 (compatible; YandexBot/3.0; +http://yandex.com/bots)"
199.21.99.77 - - [08/Dec/2013:13:57:16 -0500] "GET /article/press-release-open-house HTTP/1.1" 200 4432 "-" "Mozilla/5.0 (compatible; YandexBot/3.0; +http://yandex.com/bots)"
10.123.66.32 - - [08/Dec/2013:14:10:39 -0500] "GET / HTTP/1.1" 200 27615 "-" "Ruby"
10.123.66.32 - - [08/Dec/2013:14:10:44 -0500] "GET / HTTP/1.1" 200 27615 "-" "Ruby"
10.123.66.32 - - [08/Dec/2013:15:10:34 -0500] "GET / HTTP/1.1" 200 27615 "-" "Ruby"
10.123.66.32 - - [08/Dec/2013:15:10:34 -0500] "GET / HTTP/1.1" 200 27615 "-" "Ruby"
199.21.99.77 - - [08/Dec/2013:15:16:11 -0500] "GET /article/ribbon-cutting-ceremony-laser-advantage HTTP/1.1" 200 4287 "-" "Mozilla/5.0 (compatible; YandexBot/3.0; +http://yandex.com/bots)"
157.55.35.87 - - [08/Dec/2013:15:57:38 -0500] "GET /robots.txt HTTP/1.1" 200 1561 "-" "Mozilla/5.0 (compatible; bingbot/2.0; +http://www.bing.com/bingbot.htm)"
199.21.99.77 - - [08/Dec/2013:16:00:25 -0500] "GET /repair-exchange-program HTTP/1.1" 200 5250 "-" "Mozilla/5.0 (compatible; YandexBot/3.0; +http://yandex.com/bots)"
157.55.35.87 - - [08/Dec/2013:16:05:33 -0500] "GET /welding HTTP/1.1" 200 5072 "-" "Mozilla/5.0 (compatible; bingbot/2.0; +http://www.bing.com/bingbot.htm)"
10.123.66.32 - - [08/Dec/2013:16:10:35 -0500] "GET / HTTP/1.1" 200 27615 "-" "Ruby"
10.123.66.32 - - [08/Dec/2013:16:10:35 -0500] "GET / HTTP/1.1" 200 27615 "-" "Ruby"
173.21.149.46 - - [08/Dec/2013:16:20:17 -0500] "GET / HTTP/1.1" 200 7251 "http://www.laser-advantage.com/" "Mozilla/5.0 (Windows NT 6.0) AppleWebKit/537.36 (KHTML, like Gecko) Chrome/31.0.1650.57 Safari/537.36"
173.21.149.46 - - [08/Dec/2013:16:20:18 -0500] "GET /sites/default/files/css/css_pbm0lsQQJ7A7WCCIMgxLho6mI_kBNgznNUWmTWcnfoE.css HTTP/1.1" 200 2217 "http://laser-laseradvantage.rhcloud.com/" "Mozilla/5.0 (Windows NT 6.0) AppleWebKit/537.36 (KHTML, like Gecko) Chrome/31.0.1650.57 Safari/537.36"
173.21.149.46 - - [08/Dec/2013:16:20:18 -0500] "GET /sites/default/files/css/css_9TlfNQBcLD_7AFKRlmbqjRRfn9b3hHqVL39ForIUXow.css HTTP/1.1" 200 1813 "http://laser-laseradvantage.rhcloud.com/" "Mozilla/5.0 (Windows NT 6.0) AppleWebKit/537.36 (KHTML, like Gecko) Chrome/31.0.1650.57 Safari/537.36"
173.21.149.46 - - [08/Dec/2013:16:20:18 -0500] "GET /sites/default/files/css/css_xc1m43s0g5wXrXHArec4rt4BZHEn3Mi92RvD5iZu6Tg.css HTTP/1.1" 200 14699 "http://laser-laseradvantage.rhcloud.com/" "Mozilla/5.0 (Windows NT 6.0) AppleWebKit/537.36 (KHTML, like Gecko) Chrome/31.0.1650.57 Safari/537.36"
173.21.149.46 - - [08/Dec/2013:16:20:18 -0500] "GET /sites/default/files/js/js_xAPl0qIk9eowy_iS9tNkCWXLUVoat94SQT48UBCFkyQ.js HTTP/1.1" 200 32743 "http://laser-laseradvantage.rhcloud.com/" "Mozilla/5.0 (Windows NT 6.0) AppleWebKit/537.36 (KHTML, like Gecko) Chrome/31.0.1650.57 Safari/537.36"
173.21.149.46 - - [08/Dec/2013:16:20:18 -0500] "GET /sites/default/files/css/css_9sxGDGiqoYoSx7kdDQ6i_fK7j8yl_iw4SeDX9fKzAHQ.css HTTP/1.1" 200 1602 "http://laser-laseradvantage.rhcloud.com/" "Mozilla/5.0 (Windows NT 6.0) AppleWebKit/537.36 (KHTML, like Gecko) Chrome/31.0.1650.57 Safari/537.36"
173.21.149.46 - - [08/Dec/2013:16:20:18 -0500] "GET /sites/default/files/js/js_MsTENiWky5a1CkmPfb2yxYTX5hG-o3jDgQfynMVdEM4.js HTTP/1.1" 200 29885 "http://laser-laseradvantage.rhcloud.com/" "Mozilla/5.0 (Windows NT 6.0) AppleWebKit/537.36 (KHTML, like Gecko) Chrome/31.0.1650.57 Safari/537.36"
173.21.149.46 - - [08/Dec/2013:16:20:18 -0500] "GET /sites/default/files/js/js_pF2hY2q4ZXFBNLWXkJM725wESyWCKPKt33lQvtZYa7Q.js HTTP/1.1" 200 163 "http://laser-laseradvantage.rhcloud.com/" "Mozilla/5.0 (Windows NT 6.0) AppleWebKit/537.36 (KHTML, like Gecko) Chrome/31.0.1650.57 Safari/537.36"
173.21.149.46 - - [08/Dec/2013:16:20:18 -0500] "GET /sites/default/files/styles/slideshow_image/public/welding-1.png?itok=hbfrmJ9L HTTP/1.1" 200 192808 "http://laser-laseradvantage.rhcloud.com/" "Mozilla/5.0 (Windows NT 6.0) AppleWebKit/537.36 (KHTML, like Gecko) Chrome/31.0.1650.57 Safari/537.36"
173.21.149.46 - - [08/Dec/2013:16:20:18 -0500] "GET /sites/all/themes/laser/logo.png HTTP/1.1" 200 52116 "http://laser-laseradvantage.rhcloud.com/" "Mozilla/5.0 (Windows NT 6.0) AppleWebKit/537.36 (KHTML, like Gecko) Chrome/31.0.1650.57 Safari/537.36"
173.21.149.46 - - [08/Dec/2013:16:20:18 -0500] "GET /sites/default/files/images/get-a-quote.png HTTP/1.1" 200 29093 "http://laser-laseradvantage.rhcloud.com/" "Mozilla/5.0 (Windows NT 6.0) AppleWebKit/537.36 (KHTML, like Gecko) Chrome/31.0.1650.57 Safari/537.36"
173.21.149.46 - - [08/Dec/2013:16:20:18 -0500] "GET /sites/default/files/styles/slideshow_image/public/maintenance.png?itok=Kimxlaqb HTTP/1.1" 200 468373 "http://laser-laseradvantage.rhcloud.com/" "Mozilla/5.0 (Windows NT 6.0) AppleWebKit/537.36 (KHTML, like Gecko) Chrome/31.0.1650.57 Safari/537.36"
173.21.149.46 - - [08/Dec/2013:16:20:19 -0500] "GET /sites/default/files/styles/slideshow_image/public/cutting_img_0.jpg?itok=sJL69xs3 HTTP/1.1" 200 52376 "http://laser-laseradvantage.rhcloud.com/" "Mozilla/5.0 (Windows NT 6.0) AppleWebKit/537.36 (KHTML, like Gecko) Chrome/31.0.1650.57 Safari/537.36"
173.21.149.46 - - [08/Dec/2013:16:20:19 -0500] "GET /sites/default/files/styles/slideshow_image/public/cutting.png?itok=HN-TqwI- HTTP/1.1" 200 242181 "http://laser-laseradvantage.rhcloud.com/" "Mozilla/5.0 (Windows NT 6.0) AppleWebKit/537.36 (KHTML, like Gecko) Chrome/31.0.1650.57 Safari/537.36"
173.21.149.46 - - [08/Dec/2013:16:20:19 -0500] "GET /sites/default/files/styles/slideshow_image/public/service.png?itok=ogLlEbbe HTTP/1.1" 200 432736 "http://laser-laseradvantage.rhcloud.com/" "Mozilla/5.0 (Windows NT 6.0) AppleWebKit/537.36 (KHTML, like Gecko) Chrome/31.0.1650.57 Safari/537.36"
173.21.149.46 - - [08/Dec/2013:16:20:19 -0500] "GET /sites/all/themes/laser/images/body_background.png HTTP/1.1" 200 141 "http://laser-laseradvantage.rhcloud.com/" "Mozilla/5.0 (Windows NT 6.0) AppleWebKit/537.36 (KHTML, like Gecko) Chrome/31.0.1650.57 Safari/537.36"
173.21.149.46 - - [08/Dec/2013:16:20:19 -0500] "GET /sites/all/themes/laser/images/header-metal-background-top-1.png HTTP/1.1" 200 425481 "http://laser-laseradvantage.rhcloud.com/" "Mozilla/5.0 (Windows NT 6.0) AppleWebKit/537.36 (KHTML, like Gecko) Chrome/31.0.1650.57 Safari/537.36"
173.21.149.46 - - [08/Dec/2013:16:20:19 -0500] "GET /misc/menu-leaf.png HTTP/1.1" 200 126 "http://laser-laseradvantage.rhcloud.com/" "Mozilla/5.0 (Windows NT 6.0) AppleWebKit/537.36 (KHTML, like Gecko) Chrome/31.0.1650.57 Safari/537.36"
173.21.149.46 - - [08/Dec/2013:16:20:19 -0500] "GET /sites/all/themes/laser/images/slideshow-wave-1.png HTTP/1.1" 200 94215 "http://laser-laseradvantage.rhcloud.com/" "Mozilla/5.0 (Windows NT 6.0) AppleWebKit/537.36 (KHTML, like Gecko) Chrome/31.0.1650.57 Safari/537.36"
173.21.149.46 - - [08/Dec/2013:16:20:19 -0500] "GET /sites/all/themes/laser/images/pager-inactive.png HTTP/1.1" 200 1072 "http://laser-laseradvantage.rhcloud.com/" "Mozilla/5.0 (Windows NT 6.0) AppleWebKit/537.36 (KHTML, like Gecko) Chrome/31.0.1650.57 Safari/537.36"
173.21.149.46 - - [08/Dec/2013:16:20:20 -0500] "GET /misc/menu-expanded.png HTTP/1.1" 200 106 "http://laser-laseradvantage.rhcloud.com/" "Mozilla/5.0 (Windows NT 6.0) AppleWebKit/537.36 (KHTML, like Gecko) Chrome/31.0.1650.57 Safari/537.36"
173.21.149.46 - - [08/Dec/2013:16:20:20 -0500] "GET /sites/all/modules/colorbox/styles/default/images/loading_animation.gif HTTP/1.1" 200 2767 "http://laser-laseradvantage.rhcloud.com/" "Mozilla/5.0 (Windows NT 6.0) AppleWebKit/537.36 (KHTML, like Gecko) Chrome/31.0.1650.57 Safari/537.36"
173.21.149.46 - - [08/Dec/2013:16:20:20 -0500] "GET /sites/all/themes/laser/css/bootstrap/img/glyphicons-halflings.png HTTP/1.1" 200 4352 "http://laser-laseradvantage.rhcloud.com/" "Mozilla/5.0 (Windows NT 6.0) AppleWebKit/537.36 (KHTML, like Gecko) Chrome/31.0.1650.57 Safari/537.36"
173.21.149.46 - - [08/Dec/2013:16:20:20 -0500] "GET /sites/all/modules/colorbox/styles/default/images/controls.png HTTP/1.1" 200 2104 "http://laser-laseradvantage.rhcloud.com/" "Mozilla/5.0 (Windows NT 6.0) AppleWebKit/537.36 (KHTML, like Gecko) Chrome/31.0.1650.57 Safari/537.36"
173.21.149.46 - - [08/Dec/2013:16:20:20 -0500] "GET /sites/all/themes/laser/images/pager-active.png HTTP/1.1" 200 1196 "http://laser-laseradvantage.rhcloud.com/" "Mozilla/5.0 (Windows NT 6.0) AppleWebKit/537.36 (KHTML, like Gecko) Chrome/31.0.1650.57 Safari/537.36"
- - - [08/Dec/2013:16:20:21 -0500] "OPTIONS * HTTP/1.0" 200 - "-" "Apache/2.2.22 (Red Hat Enterprise Web Server) (internal dummy connection)"
199.21.99.77 - - [08/Dec/2013:16:20:25 -0500] "GET /turn-key HTTP/1.1" 200 4801 "-" "Mozilla/5.0 (compatible; YandexBot/3.0; +http://yandex.com/bots)"
199.21.99.77 - - [08/Dec/2013:16:20:38 -0500] "GET /service HTTP/1.1" 200 5065 "-" "Mozilla/5.0 (compatible; YandexBot/3.0; +http://yandex.com/bots)"
199.21.99.77 - - [08/Dec/2013:16:20:50 -0500] "GET /welding HTTP/1.1" 200 5072 "-" "Mozilla/5.0 (compatible; YandexBot/3.0; +http://yandex.com/bots)"
173.21.149.46 - - [08/Dec/2013:16:21:00 -0500] "GET / HTTP/1.1" 200 7251 "http://www.laser-advantage.com/" "Mozilla/5.0 (Windows NT 6.0) AppleWebKit/537.36 (KHTML, like Gecko) Chrome/31.0.1650.57 Safari/537.36"
65.55.213.69 - - [08/Dec/2013:16:51:42 -0500] "GET /robots.txt HTTP/1.1" 200 1561 "-" "msnbot/2.0b (+http://search.msn.com/msnbot.htm)"
65.55.213.69 - - [08/Dec/2013:16:51:42 -0500] "GET / HTTP/1.1" 200 7251 "-" "msnbot/2.0b (+http://search.msn.com/msnbot.htm)"
10.123.66.32 - - [08/Dec/2013:17:10:38 -0500] "GET / HTTP/1.1" 200 27615 "-" "Ruby"
10.123.66.32 - - [08/Dec/2013:17:10:39 -0500] "GET / HTTP/1.1" 200 27615 "-" "Ruby"
10.123.66.32 - - [08/Dec/2013:18:10:37 -0500] "GET / HTTP/1.1" 200 27615 "-" "Ruby"
10.123.66.32 - - [08/Dec/2013:18:10:37 -0500] "GET / HTTP/1.1" 200 27615 "-" "Ruby"
