- - - [13/Mar/2014:11:13:13 -0400] "OPTIONS * HTTP/1.0" 200 - "-" "Apache/2.2.15 (Red Hat) (internal dummy connection)"
10.123.66.32 - - [13/Mar/2014:12:10:29 -0400] "HEAD / HTTP/1.1" 200 - "-" "Ruby"
10.123.66.32 - - [13/Mar/2014:12:10:29 -0400] "HEAD / HTTP/1.1" 200 - "-" "Ruby"
111.92.99.197 - - [13/Mar/2014:12:27:38 -0400] "GET / HTTP/1.1" 200 7251 "http://www.laser-advantage.com/" "Mozilla/5.0 (Windows NT 6.3; WOW64) AppleWebKit/537.36 (KHTML, like Gecko) Chrome/33.0.1750.146 Safari/537.36"
111.92.99.197 - - [13/Mar/2014:12:27:38 -0400] "GET /sites/default/files/images/get-a-quote.png HTTP/1.1" 200 29093 "http://laser-laseradvantage.rhcloud.com/" "Mozilla/5.0 (Windows NT 6.3; WOW64) AppleWebKit/537.36 (KHTML, like Gecko) Chrome/33.0.1750.146 Safari/537.36"
111.92.99.197 - - [13/Mar/2014:12:27:39 -0400] "GET /sites/default/files/css/css_pbm0lsQQJ7A7WCCIMgxLho6mI_kBNgznNUWmTWcnfoE.css HTTP/1.1" 200 2217 "http://laser-laseradvantage.rhcloud.com/" "Mozilla/5.0 (Windows NT 6.3; WOW64) AppleWebKit/537.36 (KHTML, like Gecko) Chrome/33.0.1750.146 Safari/537.36"
111.92.99.197 - - [13/Mar/2014:12:27:39 -0400] "GET /sites/default/files/css/css_9sxGDGiqoYoSx7kdDQ6i_fK7j8yl_iw4SeDX9fKzAHQ.css HTTP/1.1" 200 1602 "http://laser-laseradvantage.rhcloud.com/" "Mozilla/5.0 (Windows NT 6.3; WOW64) AppleWebKit/537.36 (KHTML, like Gecko) Chrome/33.0.1750.146 Safari/537.36"
111.92.99.197 - - [13/Mar/2014:12:27:39 -0400] "GET /sites/default/files/css/css_9TlfNQBcLD_7AFKRlmbqjRRfn9b3hHqVL39ForIUXow.css HTTP/1.1" 200 1813 "http://laser-laseradvantage.rhcloud.com/" "Mozilla/5.0 (Windows NT 6.3; WOW64) AppleWebKit/537.36 (KHTML, like Gecko) Chrome/33.0.1750.146 Safari/537.36"
111.92.99.197 - - [13/Mar/2014:12:27:39 -0400] "GET /sites/default/files/js/js_xAPl0qIk9eowy_iS9tNkCWXLUVoat94SQT48UBCFkyQ.js HTTP/1.1" 200 32743 "http://laser-laseradvantage.rhcloud.com/" "Mozilla/5.0 (Windows NT 6.3; WOW64) AppleWebKit/537.36 (KHTML, like Gecko) Chrome/33.0.1750.146 Safari/537.36"
111.92.99.197 - - [13/Mar/2014:12:27:39 -0400] "GET /sites/default/files/css/css_xc1m43s0g5wXrXHArec4rt4BZHEn3Mi92RvD5iZu6Tg.css HTTP/1.1" 200 14699 "http://laser-laseradvantage.rhcloud.com/" "Mozilla/5.0 (Windows NT 6.3; WOW64) AppleWebKit/537.36 (KHTML, like Gecko) Chrome/33.0.1750.146 Safari/537.36"
111.92.99.197 - - [13/Mar/2014:12:27:39 -0400] "GET /sites/default/files/js/js_MsTENiWky5a1CkmPfb2yxYTX5hG-o3jDgQfynMVdEM4.js HTTP/1.1" 200 29885 "http://laser-laseradvantage.rhcloud.com/" "Mozilla/5.0 (Windows NT 6.3; WOW64) AppleWebKit/537.36 (KHTML, like Gecko) Chrome/33.0.1750.146 Safari/537.36"
111.92.99.197 - - [13/Mar/2014:12:27:40 -0400] "GET /sites/default/files/js/js_pF2hY2q4ZXFBNLWXkJM725wESyWCKPKt33lQvtZYa7Q.js HTTP/1.1" 200 163 "http://laser-laseradvantage.rhcloud.com/" "Mozilla/5.0 (Windows NT 6.3; WOW64) AppleWebKit/537.36 (KHTML, like Gecko) Chrome/33.0.1750.146 Safari/537.36"
111.92.99.197 - - [13/Mar/2014:12:27:40 -0400] "GET /sites/all/themes/laser/logo.png HTTP/1.1" 200 52116 "http://laser-laseradvantage.rhcloud.com/" "Mozilla/5.0 (Windows NT 6.3; WOW64) AppleWebKit/537.36 (KHTML, like Gecko) Chrome/33.0.1750.146 Safari/537.36"
111.92.99.197 - - [13/Mar/2014:12:27:40 -0400] "GET /sites/default/files/styles/slideshow_image/public/welding-1.png?itok=hbfrmJ9L HTTP/1.1" 200 192808 "http://laser-laseradvantage.rhcloud.com/" "Mozilla/5.0 (Windows NT 6.3; WOW64) AppleWebKit/537.36 (KHTML, like Gecko) Chrome/33.0.1750.146 Safari/537.36"
111.92.99.197 - - [13/Mar/2014:12:27:41 -0400] "GET /sites/default/files/styles/slideshow_image/public/cutting_img_0.jpg?itok=sJL69xs3 HTTP/1.1" 200 52376 "http://laser-laseradvantage.rhcloud.com/" "Mozilla/5.0 (Windows NT 6.3; WOW64) AppleWebKit/537.36 (KHTML, like Gecko) Chrome/33.0.1750.146 Safari/537.36"
111.92.99.197 - - [13/Mar/2014:12:27:41 -0400] "GET /sites/default/files/styles/slideshow_image/public/cutting.png?itok=HN-TqwI- HTTP/1.1" 200 242181 "http://laser-laseradvantage.rhcloud.com/" "Mozilla/5.0 (Windows NT 6.3; WOW64) AppleWebKit/537.36 (KHTML, like Gecko) Chrome/33.0.1750.146 Safari/537.36"
- - - [13/Mar/2014:12:27:44 -0400] "OPTIONS * HTTP/1.0" 200 - "-" "Apache/2.2.15 (Red Hat) (internal dummy connection)"
111.92.99.197 - - [13/Mar/2014:12:27:40 -0400] "GET /sites/default/files/styles/slideshow_image/public/maintenance.png?itok=Kimxlaqb HTTP/1.1" 200 468373 "http://laser-laseradvantage.rhcloud.com/" "Mozilla/5.0 (Windows NT 6.3; WOW64) AppleWebKit/537.36 (KHTML, like Gecko) Chrome/33.0.1750.146 Safari/537.36"
111.92.99.197 - - [13/Mar/2014:12:27:41 -0400] "GET /sites/default/files/styles/slideshow_image/public/service.png?itok=ogLlEbbe HTTP/1.1" 200 432736 "http://laser-laseradvantage.rhcloud.com/" "Mozilla/5.0 (Windows NT 6.3; WOW64) AppleWebKit/537.36 (KHTML, like Gecko) Chrome/33.0.1750.146 Safari/537.36"
111.92.99.197 - - [13/Mar/2014:12:27:47 -0400] "GET /sites/all/themes/laser/images/slideshow-wave-1.png HTTP/1.1" 200 94215 "http://laser-laseradvantage.rhcloud.com/" "Mozilla/5.0 (Windows NT 6.3; WOW64) AppleWebKit/537.36 (KHTML, like Gecko) Chrome/33.0.1750.146 Safari/537.36"
- - - [13/Mar/2014:12:27:48 -0400] "OPTIONS * HTTP/1.0" 200 - "-" "Apache/2.2.15 (Red Hat) (internal dummy connection)"
- - - [13/Mar/2014:12:27:49 -0400] "OPTIONS * HTTP/1.0" 200 - "-" "Apache/2.2.15 (Red Hat) (internal dummy connection)"
111.92.99.197 - - [13/Mar/2014:12:27:51 -0400] "GET /sites/all/themes/laser/images/body_background.png HTTP/1.1" 200 141 "http://laser-laseradvantage.rhcloud.com/" "Mozilla/5.0 (Windows NT 6.3; WOW64) AppleWebKit/537.36 (KHTML, like Gecko) Chrome/33.0.1750.146 Safari/537.36"
111.92.99.197 - - [13/Mar/2014:12:27:52 -0400] "GET /sites/all/themes/laser/images/header-metal-background-top-1.png HTTP/1.1" 200 425481 "http://laser-laseradvantage.rhcloud.com/" "Mozilla/5.0 (Windows NT 6.3; WOW64) AppleWebKit/537.36 (KHTML, like Gecko) Chrome/33.0.1750.146 Safari/537.36"
111.92.99.197 - - [13/Mar/2014:12:27:57 -0400] "GET /misc/menu-leaf.png HTTP/1.1" 200 126 "http://laser-laseradvantage.rhcloud.com/" "Mozilla/5.0 (Windows NT 6.3; WOW64) AppleWebKit/537.36 (KHTML, like Gecko) Chrome/33.0.1750.146 Safari/537.36"
111.92.99.197 - - [13/Mar/2014:12:27:57 -0400] "GET /sites/all/themes/laser/images/pager-inactive.png HTTP/1.1" 200 1072 "http://laser-laseradvantage.rhcloud.com/" "Mozilla/5.0 (Windows NT 6.3; WOW64) AppleWebKit/537.36 (KHTML, like Gecko) Chrome/33.0.1750.146 Safari/537.36"
111.92.99.197 - - [13/Mar/2014:12:27:58 -0400] "GET /sites/all/modules/colorbox/styles/default/images/loading_animation.gif HTTP/1.1" 200 2767 "http://laser-laseradvantage.rhcloud.com/" "Mozilla/5.0 (Windows NT 6.3; WOW64) AppleWebKit/537.36 (KHTML, like Gecko) Chrome/33.0.1750.146 Safari/537.36"
111.92.99.197 - - [13/Mar/2014:12:27:59 -0400] "GET /sites/all/modules/colorbox/styles/default/images/controls.png HTTP/1.1" 200 2104 "http://laser-laseradvantage.rhcloud.com/" "Mozilla/5.0 (Windows NT 6.3; WOW64) AppleWebKit/537.36 (KHTML, like Gecko) Chrome/33.0.1750.146 Safari/537.36"
111.92.99.197 - - [13/Mar/2014:12:28:00 -0400] "GET /sites/all/themes/laser/css/bootstrap/img/glyphicons-halflings.png HTTP/1.1" 200 4352 "http://laser-laseradvantage.rhcloud.com/" "Mozilla/5.0 (Windows NT 6.3; WOW64) AppleWebKit/537.36 (KHTML, like Gecko) Chrome/33.0.1750.146 Safari/537.36"
111.92.99.197 - - [13/Mar/2014:12:28:01 -0400] "GET /sites/all/themes/laser/images/pager-active.png HTTP/1.1" 200 1196 "http://laser-laseradvantage.rhcloud.com/" "Mozilla/5.0 (Windows NT 6.3; WOW64) AppleWebKit/537.36 (KHTML, like Gecko) Chrome/33.0.1750.146 Safari/537.36"
111.92.99.197 - - [13/Mar/2014:12:28:02 -0400] "GET /misc/menu-expanded.png HTTP/1.1" 200 106 "http://laser-laseradvantage.rhcloud.com/" "Mozilla/5.0 (Windows NT 6.3; WOW64) AppleWebKit/537.36 (KHTML, like Gecko) Chrome/33.0.1750.146 Safari/537.36"
10.123.66.32 - - [13/Mar/2014:13:10:30 -0400] "HEAD / HTTP/1.1" 200 - "-" "Ruby"
10.123.66.32 - - [13/Mar/2014:13:10:30 -0400] "HEAD / HTTP/1.1" 200 - "-" "Ruby"
50.78.27.129 - - [13/Mar/2014:14:06:56 -0400] "GET / HTTP/1.1" 200 7251 "http://www.laser-advantage.com/" "Mozilla/5.0 (X11; Linux x86_64) AppleWebKit/537.36 (KHTML, like Gecko) Chrome/33.0.1750.149 Safari/537.36"
50.78.27.129 - - [13/Mar/2014:14:06:56 -0400] "GET /sites/default/files/images/get-a-quote.png HTTP/1.1" 200 29093 "http://laser-laseradvantage.rhcloud.com/" "Mozilla/5.0 (X11; Linux x86_64) AppleWebKit/537.36 (KHTML, like Gecko) Chrome/33.0.1750.149 Safari/537.36"
50.78.27.129 - - [13/Mar/2014:14:06:56 -0400] "GET /sites/default/files/css/css_9TlfNQBcLD_7AFKRlmbqjRRfn9b3hHqVL39ForIUXow.css HTTP/1.1" 200 1813 "http://laser-laseradvantage.rhcloud.com/" "Mozilla/5.0 (X11; Linux x86_64) AppleWebKit/537.36 (KHTML, like Gecko) Chrome/33.0.1750.149 Safari/537.36"
50.78.27.129 - - [13/Mar/2014:14:06:56 -0400] "GET /sites/default/files/css/css_pbm0lsQQJ7A7WCCIMgxLho6mI_kBNgznNUWmTWcnfoE.css HTTP/1.1" 200 2217 "http://laser-laseradvantage.rhcloud.com/" "Mozilla/5.0 (X11; Linux x86_64) AppleWebKit/537.36 (KHTML, like Gecko) Chrome/33.0.1750.149 Safari/537.36"
50.78.27.129 - - [13/Mar/2014:14:06:56 -0400] "GET /sites/default/files/css/css_9sxGDGiqoYoSx7kdDQ6i_fK7j8yl_iw4SeDX9fKzAHQ.css HTTP/1.1" 200 1602 "http://laser-laseradvantage.rhcloud.com/" "Mozilla/5.0 (X11; Linux x86_64) AppleWebKit/537.36 (KHTML, like Gecko) Chrome/33.0.1750.149 Safari/537.36"
50.78.27.129 - - [13/Mar/2014:14:06:56 -0400] "GET /sites/default/files/css/css_xc1m43s0g5wXrXHArec4rt4BZHEn3Mi92RvD5iZu6Tg.css HTTP/1.1" 200 14699 "http://laser-laseradvantage.rhcloud.com/" "Mozilla/5.0 (X11; Linux x86_64) AppleWebKit/537.36 (KHTML, like Gecko) Chrome/33.0.1750.149 Safari/537.36"
50.78.27.129 - - [13/Mar/2014:14:06:56 -0400] "GET /sites/default/files/js/js_xAPl0qIk9eowy_iS9tNkCWXLUVoat94SQT48UBCFkyQ.js HTTP/1.1" 200 32743 "http://laser-laseradvantage.rhcloud.com/" "Mozilla/5.0 (X11; Linux x86_64) AppleWebKit/537.36 (KHTML, like Gecko) Chrome/33.0.1750.149 Safari/537.36"
50.78.27.129 - - [13/Mar/2014:14:06:56 -0400] "GET /sites/default/files/js/js_MsTENiWky5a1CkmPfb2yxYTX5hG-o3jDgQfynMVdEM4.js HTTP/1.1" 200 29885 "http://laser-laseradvantage.rhcloud.com/" "Mozilla/5.0 (X11; Linux x86_64) AppleWebKit/537.36 (KHTML, like Gecko) Chrome/33.0.1750.149 Safari/537.36"
50.78.27.129 - - [13/Mar/2014:14:06:56 -0400] "GET /sites/default/files/js/js_pF2hY2q4ZXFBNLWXkJM725wESyWCKPKt33lQvtZYa7Q.js HTTP/1.1" 200 163 "http://laser-laseradvantage.rhcloud.com/" "Mozilla/5.0 (X11; Linux x86_64) AppleWebKit/537.36 (KHTML, like Gecko) Chrome/33.0.1750.149 Safari/537.36"
50.78.27.129 - - [13/Mar/2014:14:06:56 -0400] "GET /sites/default/files/styles/slideshow_image/public/welding-1.png?itok=hbfrmJ9L HTTP/1.1" 200 192808 "http://laser-laseradvantage.rhcloud.com/" "Mozilla/5.0 (X11; Linux x86_64) AppleWebKit/537.36 (KHTML, like Gecko) Chrome/33.0.1750.149 Safari/537.36"
50.78.27.129 - - [13/Mar/2014:14:06:56 -0400] "GET /sites/all/themes/laser/logo.png HTTP/1.1" 200 52116 "http://laser-laseradvantage.rhcloud.com/" "Mozilla/5.0 (X11; Linux x86_64) AppleWebKit/537.36 (KHTML, like Gecko) Chrome/33.0.1750.149 Safari/537.36"
50.78.27.129 - - [13/Mar/2014:14:06:56 -0400] "GET /sites/default/files/styles/slideshow_image/public/cutting_img_0.jpg?itok=sJL69xs3 HTTP/1.1" 200 52376 "http://laser-laseradvantage.rhcloud.com/" "Mozilla/5.0 (X11; Linux x86_64) AppleWebKit/537.36 (KHTML, like Gecko) Chrome/33.0.1750.149 Safari/537.36"
50.78.27.129 - - [13/Mar/2014:14:06:56 -0400] "GET /sites/default/files/styles/slideshow_image/public/maintenance.png?itok=Kimxlaqb HTTP/1.1" 200 468373 "http://laser-laseradvantage.rhcloud.com/" "Mozilla/5.0 (X11; Linux x86_64) AppleWebKit/537.36 (KHTML, like Gecko) Chrome/33.0.1750.149 Safari/537.36"
50.78.27.129 - - [13/Mar/2014:14:06:56 -0400] "GET /sites/default/files/styles/slideshow_image/public/service.png?itok=ogLlEbbe HTTP/1.1" 200 432736 "http://laser-laseradvantage.rhcloud.com/" "Mozilla/5.0 (X11; Linux x86_64) AppleWebKit/537.36 (KHTML, like Gecko) Chrome/33.0.1750.149 Safari/537.36"
50.78.27.129 - - [13/Mar/2014:14:06:56 -0400] "GET /sites/default/files/styles/slideshow_image/public/cutting.png?itok=HN-TqwI- HTTP/1.1" 200 242181 "http://laser-laseradvantage.rhcloud.com/" "Mozilla/5.0 (X11; Linux x86_64) AppleWebKit/537.36 (KHTML, like Gecko) Chrome/33.0.1750.149 Safari/537.36"
50.78.27.129 - - [13/Mar/2014:14:06:56 -0400] "GET /sites/all/themes/laser/images/body_background.png HTTP/1.1" 200 141 "http://laser-laseradvantage.rhcloud.com/" "Mozilla/5.0 (X11; Linux x86_64) AppleWebKit/537.36 (KHTML, like Gecko) Chrome/33.0.1750.149 Safari/537.36"
50.78.27.129 - - [13/Mar/2014:14:06:56 -0400] "GET /sites/all/themes/laser/images/header-metal-background-top-1.png HTTP/1.1" 200 425481 "http://laser-laseradvantage.rhcloud.com/" "Mozilla/5.0 (X11; Linux x86_64) AppleWebKit/537.36 (KHTML, like Gecko) Chrome/33.0.1750.149 Safari/537.36"
50.78.27.129 - - [13/Mar/2014:14:06:56 -0400] "GET /misc/menu-leaf.png HTTP/1.1" 200 126 "http://laser-laseradvantage.rhcloud.com/" "Mozilla/5.0 (X11; Linux x86_64) AppleWebKit/537.36 (KHTML, like Gecko) Chrome/33.0.1750.149 Safari/537.36"
50.78.27.129 - - [13/Mar/2014:14:06:56 -0400] "GET /sites/all/themes/laser/images/pager-inactive.png HTTP/1.1" 200 1072 "http://laser-laseradvantage.rhcloud.com/" "Mozilla/5.0 (X11; Linux x86_64) AppleWebKit/537.36 (KHTML, like Gecko) Chrome/33.0.1750.149 Safari/537.36"
50.78.27.129 - - [13/Mar/2014:14:06:56 -0400] "GET /sites/all/themes/laser/images/slideshow-wave-1.png HTTP/1.1" 200 94215 "http://laser-laseradvantage.rhcloud.com/" "Mozilla/5.0 (X11; Linux x86_64) AppleWebKit/537.36 (KHTML, like Gecko) Chrome/33.0.1750.149 Safari/537.36"
50.78.27.129 - - [13/Mar/2014:14:06:57 -0400] "GET /sites/all/modules/colorbox/styles/default/images/controls.png HTTP/1.1" 200 2104 "http://laser-laseradvantage.rhcloud.com/" "Mozilla/5.0 (X11; Linux x86_64) AppleWebKit/537.36 (KHTML, like Gecko) Chrome/33.0.1750.149 Safari/537.36"
50.78.27.129 - - [13/Mar/2014:14:06:57 -0400] "GET /sites/all/modules/colorbox/styles/default/images/loading_animation.gif HTTP/1.1" 200 2767 "http://laser-laseradvantage.rhcloud.com/" "Mozilla/5.0 (X11; Linux x86_64) AppleWebKit/537.36 (KHTML, like Gecko) Chrome/33.0.1750.149 Safari/537.36"
50.78.27.129 - - [13/Mar/2014:14:06:57 -0400] "GET /sites/all/themes/laser/css/bootstrap/img/glyphicons-halflings.png HTTP/1.1" 200 4352 "http://laser-laseradvantage.rhcloud.com/" "Mozilla/5.0 (X11; Linux x86_64) AppleWebKit/537.36 (KHTML, like Gecko) Chrome/33.0.1750.149 Safari/537.36"
50.78.27.129 - - [13/Mar/2014:14:06:57 -0400] "GET /misc/menu-expanded.png HTTP/1.1" 200 106 "http://laser-laseradvantage.rhcloud.com/" "Mozilla/5.0 (X11; Linux x86_64) AppleWebKit/537.36 (KHTML, like Gecko) Chrome/33.0.1750.149 Safari/537.36"
50.78.27.129 - - [13/Mar/2014:14:06:57 -0400] "GET /sites/all/themes/laser/images/pager-active.png HTTP/1.1" 200 1196 "http://laser-laseradvantage.rhcloud.com/" "Mozilla/5.0 (X11; Linux x86_64) AppleWebKit/537.36 (KHTML, like Gecko) Chrome/33.0.1750.149 Safari/537.36"
- - - [13/Mar/2014:14:06:58 -0400] "OPTIONS * HTTP/1.0" 200 - "-" "Apache/2.2.15 (Red Hat) (internal dummy connection)"
50.78.27.129 - - [13/Mar/2014:14:07:04 -0400] "GET /about-us HTTP/1.1" 200 5155 "http://laser-laseradvantage.rhcloud.com/" "Mozilla/5.0 (X11; Linux x86_64) AppleWebKit/537.36 (KHTML, like Gecko) Chrome/33.0.1750.149 Safari/537.36"
50.78.27.129 - - [13/Mar/2014:14:07:04 -0400] "GET /sites/default/files/css/css_8c-ECcloiKaDWqy5NZy8858ymSfu9qESWnqr9yb-Bdk.css HTTP/1.1" 200 1778 "http://laser-laseradvantage.rhcloud.com/about-us" "Mozilla/5.0 (X11; Linux x86_64) AppleWebKit/537.36 (KHTML, like Gecko) Chrome/33.0.1750.149 Safari/537.36"
50.78.27.129 - - [13/Mar/2014:14:07:04 -0400] "GET /sites/default/files/js/js_5WFUh1rwJOVGi1iP5p-WPl414y4htCQQw7U1RQH_-T8.js HTTP/1.1" 200 12474 "http://laser-laseradvantage.rhcloud.com/about-us" "Mozilla/5.0 (X11; Linux x86_64) AppleWebKit/537.36 (KHTML, like Gecko) Chrome/33.0.1750.149 Safari/537.36"
50.78.27.129 - - [13/Mar/2014:14:07:04 -0400] "GET /sites/default/files/styles/sub_page_image/public/sub_page_images/aboutus.png?itok=-w10S3Dn HTTP/1.1" 200 58538 "http://laser-laseradvantage.rhcloud.com/about-us" "Mozilla/5.0 (X11; Linux x86_64) AppleWebKit/537.36 (KHTML, like Gecko) Chrome/33.0.1750.149 Safari/537.36"
50.78.27.129 - - [13/Mar/2014:14:07:08 -0400] "GET / HTTP/1.1" 200 7251 "http://www.laser-advantage.com/" "Mozilla/5.0 (Windows NT 6.1; WOW64) AppleWebKit/537.36 (KHTML, like Gecko) Chrome/33.0.1750.146 Safari/537.36"
50.78.27.129 - - [13/Mar/2014:14:07:09 -0400] "GET /sites/default/files/images/get-a-quote.png HTTP/1.1" 200 29093 "http://laser-laseradvantage.rhcloud.com/" "Mozilla/5.0 (Windows NT 6.1; WOW64) AppleWebKit/537.36 (KHTML, like Gecko) Chrome/33.0.1750.146 Safari/537.36"
50.78.27.129 - - [13/Mar/2014:14:07:09 -0400] "GET /sites/default/files/css/css_pbm0lsQQJ7A7WCCIMgxLho6mI_kBNgznNUWmTWcnfoE.css HTTP/1.1" 200 2217 "http://laser-laseradvantage.rhcloud.com/" "Mozilla/5.0 (Windows NT 6.1; WOW64) AppleWebKit/537.36 (KHTML, like Gecko) Chrome/33.0.1750.146 Safari/537.36"
50.78.27.129 - - [13/Mar/2014:14:07:09 -0400] "GET /sites/default/files/css/css_xc1m43s0g5wXrXHArec4rt4BZHEn3Mi92RvD5iZu6Tg.css HTTP/1.1" 200 14699 "http://laser-laseradvantage.rhcloud.com/" "Mozilla/5.0 (Windows NT 6.1; WOW64) AppleWebKit/537.36 (KHTML, like Gecko) Chrome/33.0.1750.146 Safari/537.36"
50.78.27.129 - - [13/Mar/2014:14:07:09 -0400] "GET /sites/default/files/css/css_9TlfNQBcLD_7AFKRlmbqjRRfn9b3hHqVL39ForIUXow.css HTTP/1.1" 200 1813 "http://laser-laseradvantage.rhcloud.com/" "Mozilla/5.0 (Windows NT 6.1; WOW64) AppleWebKit/537.36 (KHTML, like Gecko) Chrome/33.0.1750.146 Safari/537.36"
50.78.27.129 - - [13/Mar/2014:14:07:09 -0400] "GET /sites/default/files/css/css_9sxGDGiqoYoSx7kdDQ6i_fK7j8yl_iw4SeDX9fKzAHQ.css HTTP/1.1" 200 1602 "http://laser-laseradvantage.rhcloud.com/" "Mozilla/5.0 (Windows NT 6.1; WOW64) AppleWebKit/537.36 (KHTML, like Gecko) Chrome/33.0.1750.146 Safari/537.36"
50.78.27.129 - - [13/Mar/2014:14:07:09 -0400] "GET /sites/default/files/js/js_xAPl0qIk9eowy_iS9tNkCWXLUVoat94SQT48UBCFkyQ.js HTTP/1.1" 200 32743 "http://laser-laseradvantage.rhcloud.com/" "Mozilla/5.0 (Windows NT 6.1; WOW64) AppleWebKit/537.36 (KHTML, like Gecko) Chrome/33.0.1750.146 Safari/537.36"
50.78.27.129 - - [13/Mar/2014:14:07:09 -0400] "GET /sites/default/files/js/js_MsTENiWky5a1CkmPfb2yxYTX5hG-o3jDgQfynMVdEM4.js HTTP/1.1" 200 29885 "http://laser-laseradvantage.rhcloud.com/" "Mozilla/5.0 (Windows NT 6.1; WOW64) AppleWebKit/537.36 (KHTML, like Gecko) Chrome/33.0.1750.146 Safari/537.36"
50.78.27.129 - - [13/Mar/2014:14:07:09 -0400] "GET /sites/default/files/js/js_pF2hY2q4ZXFBNLWXkJM725wESyWCKPKt33lQvtZYa7Q.js HTTP/1.1" 200 163 "http://laser-laseradvantage.rhcloud.com/" "Mozilla/5.0 (Windows NT 6.1; WOW64) AppleWebKit/537.36 (KHTML, like Gecko) Chrome/33.0.1750.146 Safari/537.36"
50.78.27.129 - - [13/Mar/2014:14:07:09 -0400] "GET /sites/all/themes/laser/logo.png HTTP/1.1" 200 52116 "http://laser-laseradvantage.rhcloud.com/" "Mozilla/5.0 (Windows NT 6.1; WOW64) AppleWebKit/537.36 (KHTML, like Gecko) Chrome/33.0.1750.146 Safari/537.36"
50.78.27.129 - - [13/Mar/2014:14:07:09 -0400] "GET /sites/default/files/styles/slideshow_image/public/welding-1.png?itok=hbfrmJ9L HTTP/1.1" 200 192808 "http://laser-laseradvantage.rhcloud.com/" "Mozilla/5.0 (Windows NT 6.1; WOW64) AppleWebKit/537.36 (KHTML, like Gecko) Chrome/33.0.1750.146 Safari/537.36"
50.78.27.129 - - [13/Mar/2014:14:07:09 -0400] "GET /contact-us HTTP/1.1" 200 5196 "http://laser-laseradvantage.rhcloud.com/about-us" "Mozilla/5.0 (X11; Linux x86_64) AppleWebKit/537.36 (KHTML, like Gecko) Chrome/33.0.1750.149 Safari/537.36"
50.78.27.129 - - [13/Mar/2014:14:07:09 -0400] "GET /sites/default/files/styles/slideshow_image/public/cutting_img_0.jpg?itok=sJL69xs3 HTTP/1.1" 200 52376 "http://laser-laseradvantage.rhcloud.com/" "Mozilla/5.0 (Windows NT 6.1; WOW64) AppleWebKit/537.36 (KHTML, like Gecko) Chrome/33.0.1750.146 Safari/537.36"
50.78.27.129 - - [13/Mar/2014:14:07:09 -0400] "GET /sites/default/files/styles/slideshow_image/public/maintenance.png?itok=Kimxlaqb HTTP/1.1" 200 468373 "http://laser-laseradvantage.rhcloud.com/" "Mozilla/5.0 (Windows NT 6.1; WOW64) AppleWebKit/537.36 (KHTML, like Gecko) Chrome/33.0.1750.146 Safari/537.36"
50.78.27.129 - - [13/Mar/2014:14:07:09 -0400] "GET /sites/default/files/styles/slideshow_image/public/cutting.png?itok=HN-TqwI- HTTP/1.1" 200 242181 "http://laser-laseradvantage.rhcloud.com/" "Mozilla/5.0 (Windows NT 6.1; WOW64) AppleWebKit/537.36 (KHTML, like Gecko) Chrome/33.0.1750.146 Safari/537.36"
50.78.27.129 - - [13/Mar/2014:14:07:09 -0400] "GET /sites/default/files/styles/slideshow_image/public/service.png?itok=ogLlEbbe HTTP/1.1" 200 432736 "http://laser-laseradvantage.rhcloud.com/" "Mozilla/5.0 (Windows NT 6.1; WOW64) AppleWebKit/537.36 (KHTML, like Gecko) Chrome/33.0.1750.146 Safari/537.36"
50.78.27.129 - - [13/Mar/2014:14:07:09 -0400] "GET /sites/default/files/css/css_Q6fnYRR_q9-RWHtZRXAq_1bQvtLijf_c3Em44v3YK_c.css HTTP/1.1" 200 1665 "http://laser-laseradvantage.rhcloud.com/contact-us" "Mozilla/5.0 (X11; Linux x86_64) AppleWebKit/537.36 (KHTML, like Gecko) Chrome/33.0.1750.149 Safari/537.36"
50.78.27.129 - - [13/Mar/2014:14:07:09 -0400] "GET /sites/all/themes/laser/images/red-arrow.png HTTP/1.1" 200 1587 "http://laser-laseradvantage.rhcloud.com/contact-us" "Mozilla/5.0 (X11; Linux x86_64) AppleWebKit/537.36 (KHTML, like Gecko) Chrome/33.0.1750.149 Safari/537.36"
50.78.27.129 - - [13/Mar/2014:14:07:09 -0400] "GET /sites/default/files/styles/sub_page_image/public/sub_page_images/contact.png?itok=asZkTDS8 HTTP/1.1" 200 341944 "http://laser-laseradvantage.rhcloud.com/contact-us" "Mozilla/5.0 (X11; Linux x86_64) AppleWebKit/537.36 (KHTML, like Gecko) Chrome/33.0.1750.149 Safari/537.36"
50.78.27.129 - - [13/Mar/2014:14:07:10 -0400] "GET /sites/all/themes/laser/images/body_background.png HTTP/1.1" 200 141 "http://laser-laseradvantage.rhcloud.com/" "Mozilla/5.0 (Windows NT 6.1; WOW64) AppleWebKit/537.36 (KHTML, like Gecko) Chrome/33.0.1750.146 Safari/537.36"
50.78.27.129 - - [13/Mar/2014:14:07:10 -0400] "GET /sites/all/themes/laser/images/header-metal-background-top-1.png HTTP/1.1" 200 425481 "http://laser-laseradvantage.rhcloud.com/" "Mozilla/5.0 (Windows NT 6.1; WOW64) AppleWebKit/537.36 (KHTML, like Gecko) Chrome/33.0.1750.146 Safari/537.36"
50.78.27.129 - - [13/Mar/2014:14:07:10 -0400] "GET /misc/menu-leaf.png HTTP/1.1" 200 126 "http://laser-laseradvantage.rhcloud.com/" "Mozilla/5.0 (Windows NT 6.1; WOW64) AppleWebKit/537.36 (KHTML, like Gecko) Chrome/33.0.1750.146 Safari/537.36"
50.78.27.129 - - [13/Mar/2014:14:07:10 -0400] "GET /sites/all/themes/laser/images/slideshow-wave-1.png HTTP/1.1" 200 94215 "http://laser-laseradvantage.rhcloud.com/" "Mozilla/5.0 (Windows NT 6.1; WOW64) AppleWebKit/537.36 (KHTML, like Gecko) Chrome/33.0.1750.146 Safari/537.36"
50.78.27.129 - - [13/Mar/2014:14:07:10 -0400] "GET /sites/all/themes/laser/images/pager-inactive.png HTTP/1.1" 200 1072 "http://laser-laseradvantage.rhcloud.com/" "Mozilla/5.0 (Windows NT 6.1; WOW64) AppleWebKit/537.36 (KHTML, like Gecko) Chrome/33.0.1750.146 Safari/537.36"
50.78.27.129 - - [13/Mar/2014:14:07:10 -0400] "GET /misc/menu-expanded.png HTTP/1.1" 200 106 "http://laser-laseradvantage.rhcloud.com/" "Mozilla/5.0 (Windows NT 6.1; WOW64) AppleWebKit/537.36 (KHTML, like Gecko) Chrome/33.0.1750.146 Safari/537.36"
50.78.27.129 - - [13/Mar/2014:14:07:10 -0400] "GET /sites/all/modules/colorbox/styles/default/images/loading_animation.gif HTTP/1.1" 200 2767 "http://laser-laseradvantage.rhcloud.com/" "Mozilla/5.0 (Windows NT 6.1; WOW64) AppleWebKit/537.36 (KHTML, like Gecko) Chrome/33.0.1750.146 Safari/537.36"
50.78.27.129 - - [13/Mar/2014:14:07:10 -0400] "GET /sites/all/modules/colorbox/styles/default/images/controls.png HTTP/1.1" 200 2104 "http://laser-laseradvantage.rhcloud.com/" "Mozilla/5.0 (Windows NT 6.1; WOW64) AppleWebKit/537.36 (KHTML, like Gecko) Chrome/33.0.1750.146 Safari/537.36"
50.78.27.129 - - [13/Mar/2014:14:07:10 -0400] "GET /sites/all/themes/laser/css/bootstrap/img/glyphicons-halflings.png HTTP/1.1" 200 4352 "http://laser-laseradvantage.rhcloud.com/" "Mozilla/5.0 (Windows NT 6.1; WOW64) AppleWebKit/537.36 (KHTML, like Gecko) Chrome/33.0.1750.146 Safari/537.36"
50.78.27.129 - - [13/Mar/2014:14:07:10 -0400] "GET /sites/all/themes/laser/images/pager-active.png HTTP/1.1" 200 1196 "http://laser-laseradvantage.rhcloud.com/" "Mozilla/5.0 (Windows NT 6.1; WOW64) AppleWebKit/537.36 (KHTML, like Gecko) Chrome/33.0.1750.146 Safari/537.36"
- - - [13/Mar/2014:14:07:11 -0400] "OPTIONS * HTTP/1.0" 200 - "-" "Apache/2.2.15 (Red Hat) (internal dummy connection)"
50.78.27.129 - - [13/Mar/2014:14:07:13 -0400] "GET /about-us HTTP/1.1" 200 5155 "http://laser-laseradvantage.rhcloud.com/" "Mozilla/5.0 (Windows NT 6.1; WOW64) AppleWebKit/537.36 (KHTML, like Gecko) Chrome/33.0.1750.146 Safari/537.36"
50.78.27.129 - - [13/Mar/2014:14:07:13 -0400] "GET /sites/default/files/css/css_8c-ECcloiKaDWqy5NZy8858ymSfu9qESWnqr9yb-Bdk.css HTTP/1.1" 200 1778 "http://laser-laseradvantage.rhcloud.com/about-us" "Mozilla/5.0 (Windows NT 6.1; WOW64) AppleWebKit/537.36 (KHTML, like Gecko) Chrome/33.0.1750.146 Safari/537.36"
50.78.27.129 - - [13/Mar/2014:14:07:13 -0400] "GET /sites/default/files/js/js_5WFUh1rwJOVGi1iP5p-WPl414y4htCQQw7U1RQH_-T8.js HTTP/1.1" 200 12474 "http://laser-laseradvantage.rhcloud.com/about-us" "Mozilla/5.0 (Windows NT 6.1; WOW64) AppleWebKit/537.36 (KHTML, like Gecko) Chrome/33.0.1750.146 Safari/537.36"
50.78.27.129 - - [13/Mar/2014:14:07:13 -0400] "GET /sites/default/files/styles/sub_page_image/public/sub_page_images/aboutus.png?itok=-w10S3Dn HTTP/1.1" 200 58538 "http://laser-laseradvantage.rhcloud.com/about-us" "Mozilla/5.0 (Windows NT 6.1; WOW64) AppleWebKit/537.36 (KHTML, like Gecko) Chrome/33.0.1750.146 Safari/537.36"
50.78.27.129 - - [13/Mar/2014:14:07:17 -0400] "GET /contact-us HTTP/1.1" 200 5196 "http://laser-laseradvantage.rhcloud.com/about-us" "Mozilla/5.0 (Windows NT 6.1; WOW64) AppleWebKit/537.36 (KHTML, like Gecko) Chrome/33.0.1750.146 Safari/537.36"
50.78.27.129 - - [13/Mar/2014:14:07:18 -0400] "GET /sites/default/files/css/css_Q6fnYRR_q9-RWHtZRXAq_1bQvtLijf_c3Em44v3YK_c.css HTTP/1.1" 200 1665 "http://laser-laseradvantage.rhcloud.com/contact-us" "Mozilla/5.0 (Windows NT 6.1; WOW64) AppleWebKit/537.36 (KHTML, like Gecko) Chrome/33.0.1750.146 Safari/537.36"
50.78.27.129 - - [13/Mar/2014:14:07:18 -0400] "GET /sites/default/files/styles/sub_page_image/public/sub_page_images/contact.png?itok=asZkTDS8 HTTP/1.1" 200 341944 "http://laser-laseradvantage.rhcloud.com/contact-us" "Mozilla/5.0 (Windows NT 6.1; WOW64) AppleWebKit/537.36 (KHTML, like Gecko) Chrome/33.0.1750.146 Safari/537.36"
50.78.27.129 - - [13/Mar/2014:14:07:18 -0400] "GET /sites/all/themes/laser/images/red-arrow.png HTTP/1.1" 200 1587 "http://laser-laseradvantage.rhcloud.com/contact-us" "Mozilla/5.0 (Windows NT 6.1; WOW64) AppleWebKit/537.36 (KHTML, like Gecko) Chrome/33.0.1750.146 Safari/537.36"
50.78.27.129 - - [13/Mar/2014:14:07:30 -0400] "GET /systems HTTP/1.1" 200 5038 "http://laser-laseradvantage.rhcloud.com/contact-us" "Mozilla/5.0 (X11; Linux x86_64) AppleWebKit/537.36 (KHTML, like Gecko) Chrome/33.0.1750.149 Safari/537.36"
50.78.27.129 - - [13/Mar/2014:14:07:30 -0400] "GET /sites/default/files/styles/sub_page_image/public/sub_page_images/systems_0.jpg?itok=PUfx1W85 HTTP/1.1" 200 13867 "http://laser-laseradvantage.rhcloud.com/systems" "Mozilla/5.0 (X11; Linux x86_64) AppleWebKit/537.36 (KHTML, like Gecko) Chrome/33.0.1750.149 Safari/537.36"
50.78.27.129 - - [13/Mar/2014:14:07:31 -0400] "GET /maintenance HTTP/1.1" 200 5206 "http://laser-laseradvantage.rhcloud.com/systems" "Mozilla/5.0 (X11; Linux x86_64) AppleWebKit/537.36 (KHTML, like Gecko) Chrome/33.0.1750.149 Safari/537.36"
50.78.27.129 - - [13/Mar/2014:14:07:32 -0400] "GET /sites/default/files/styles/sub_page_image/public/sub_page_images/maintenance_0.jpg?itok=rIe8_-ZJ HTTP/1.1" 200 36245 "http://laser-laseradvantage.rhcloud.com/maintenance" "Mozilla/5.0 (X11; Linux x86_64) AppleWebKit/537.36 (KHTML, like Gecko) Chrome/33.0.1750.149 Safari/537.36"
50.78.27.129 - - [13/Mar/2014:14:07:35 -0400] "GET /systems HTTP/1.1" 200 5038 "http://laser-laseradvantage.rhcloud.com/maintenance" "Mozilla/5.0 (X11; Linux x86_64) AppleWebKit/537.36 (KHTML, like Gecko) Chrome/33.0.1750.149 Safari/537.36"
50.78.27.129 - - [13/Mar/2014:14:07:33 -0400] "GET /forms/quote-form HTTP/1.1" 200 29443 "http://laser-laseradvantage.rhcloud.com/maintenance" "Mozilla/5.0 (X11; Linux x86_64) AppleWebKit/537.36 (KHTML, like Gecko) Chrome/33.0.1750.149 Safari/537.36"
50.78.27.129 - - [13/Mar/2014:14:07:47 -0400] "GET /systems HTTP/1.1" 200 5039 "http://laser-laseradvantage.rhcloud.com/contact-us" "Mozilla/5.0 (Windows NT 6.1; WOW64) AppleWebKit/537.36 (KHTML, like Gecko) Chrome/33.0.1750.146 Safari/537.36"
50.78.27.129 - - [13/Mar/2014:14:07:52 -0400] "GET /sites/default/files/styles/sub_page_image/public/sub_page_images/systems_0.jpg?itok=PUfx1W85 HTTP/1.1" 200 13867 "http://laser-laseradvantage.rhcloud.com/systems" "Mozilla/5.0 (Windows NT 6.1; WOW64) AppleWebKit/537.36 (KHTML, like Gecko) Chrome/33.0.1750.146 Safari/537.36"
50.78.27.129 - - [13/Mar/2014:14:07:49 -0400] "GET /upgrades HTTP/1.1" 200 4975 "http://laser-laseradvantage.rhcloud.com/systems" "Mozilla/5.0 (X11; Linux x86_64) AppleWebKit/537.36 (KHTML, like Gecko) Chrome/33.0.1750.149 Safari/537.36"
50.78.27.129 - - [13/Mar/2014:14:07:53 -0400] "GET /sites/default/files/styles/sub_page_image/public/sub_page_images/upgrades.jpg?itok=HZ74I3p6 HTTP/1.1" 200 19941 "http://laser-laseradvantage.rhcloud.com/upgrades" "Mozilla/5.0 (X11; Linux x86_64) AppleWebKit/537.36 (KHTML, like Gecko) Chrome/33.0.1750.149 Safari/537.36"
- - - [13/Mar/2014:14:07:54 -0400] "OPTIONS * HTTP/1.0" 200 - "-" "Apache/2.2.15 (Red Hat) (internal dummy connection)"
50.78.27.129 - - [13/Mar/2014:14:08:22 -0400] "GET /upgrades HTTP/1.1" 200 4975 "http://laser-laseradvantage.rhcloud.com/systems" "Mozilla/5.0 (Windows NT 6.1; WOW64) AppleWebKit/537.36 (KHTML, like Gecko) Chrome/33.0.1750.146 Safari/537.36"
50.78.27.129 - - [13/Mar/2014:14:08:22 -0400] "GET /sites/default/files/styles/sub_page_image/public/sub_page_images/upgrades.jpg?itok=HZ74I3p6 HTTP/1.1" 200 19941 "http://laser-laseradvantage.rhcloud.com/upgrades" "Mozilla/5.0 (Windows NT 6.1; WOW64) AppleWebKit/537.36 (KHTML, like Gecko) Chrome/33.0.1750.146 Safari/537.36"
50.78.27.129 - - [13/Mar/2014:14:08:35 -0400] "GET /systems HTTP/1.1" 200 5039 "http://laser-laseradvantage.rhcloud.com/upgrades" "Mozilla/5.0 (X11; Linux x86_64) AppleWebKit/537.36 (KHTML, like Gecko) Chrome/33.0.1750.149 Safari/537.36"
50.78.27.129 - - [13/Mar/2014:14:08:37 -0400] "GET /application-development HTTP/1.1" 200 5119 "http://laser-laseradvantage.rhcloud.com/systems" "Mozilla/5.0 (X11; Linux x86_64) AppleWebKit/537.36 (KHTML, like Gecko) Chrome/33.0.1750.149 Safari/537.36"
50.78.27.129 - - [13/Mar/2014:14:08:40 -0400] "GET /sites/default/files/styles/sub_page_image/public/sub_page_images/cutting_img_0.jpg?itok=Ic0al52_ HTTP/1.1" 200 39260 "http://laser-laseradvantage.rhcloud.com/application-development" "Mozilla/5.0 (X11; Linux x86_64) AppleWebKit/537.36 (KHTML, like Gecko) Chrome/33.0.1750.149 Safari/537.36"
50.78.27.129 - - [13/Mar/2014:14:08:59 -0400] "GET /maintenance HTTP/1.1" 200 5207 "http://laser-laseradvantage.rhcloud.com/application-development" "Mozilla/5.0 (X11; Linux x86_64) AppleWebKit/537.36 (KHTML, like Gecko) Chrome/33.0.1750.149 Safari/537.36"
50.78.27.129 - - [13/Mar/2014:14:09:20 -0400] "GET /turn-key HTTP/1.1" 200 4805 "http://laser-laseradvantage.rhcloud.com/upgrades" "Mozilla/5.0 (Windows NT 6.1; WOW64) AppleWebKit/537.36 (KHTML, like Gecko) Chrome/33.0.1750.146 Safari/537.36"
50.78.27.129 - - [13/Mar/2014:14:09:23 -0400] "GET /sites/default/files/styles/sub_page_image/public/sub_page_images/turnkey.jpg?itok=azuhb2Fp HTTP/1.1" 200 17479 "http://laser-laseradvantage.rhcloud.com/turn-key" "Mozilla/5.0 (Windows NT 6.1; WOW64) AppleWebKit/537.36 (KHTML, like Gecko) Chrome/33.0.1750.146 Safari/537.36"
50.78.27.129 - - [13/Mar/2014:14:09:29 -0400] "GET /application-development HTTP/1.1" 200 5119 "http://laser-laseradvantage.rhcloud.com/turn-key" "Mozilla/5.0 (Windows NT 6.1; WOW64) AppleWebKit/537.36 (KHTML, like Gecko) Chrome/33.0.1750.146 Safari/537.36"
50.78.27.129 - - [13/Mar/2014:14:09:30 -0400] "GET /sites/default/files/styles/sub_page_image/public/sub_page_images/cutting_img_0.jpg?itok=Ic0al52_ HTTP/1.1" 200 39260 "http://laser-laseradvantage.rhcloud.com/application-development" "Mozilla/5.0 (Windows NT 6.1; WOW64) AppleWebKit/537.36 (KHTML, like Gecko) Chrome/33.0.1750.146 Safari/537.36"
66.150.8.161 - - [13/Mar/2014:14:09:27 -0400] "GET / HTTP/1.1" 200 7254 "http://www.laser-advantage.com/" "Mozilla/5.0 (compatible; MSIE 9.0; Windows NT 6.1; Trident/5.0)"
66.150.8.161 - - [13/Mar/2014:14:09:32 -0400] "GET /sites/all/themes/laser/logo.png HTTP/1.1" 200 52116 "http://laser-laseradvantage.rhcloud.com/" "Mozilla/5.0 (compatible; MSIE 9.0; Windows NT 6.1; Trident/5.0)"
66.150.8.161 - - [13/Mar/2014:14:09:32 -0400] "GET /sites/default/files/css/css_pbm0lsQQJ7A7WCCIMgxLho6mI_kBNgznNUWmTWcnfoE.css HTTP/1.1" 200 2217 "http://laser-laseradvantage.rhcloud.com/" "Mozilla/5.0 (compatible; MSIE 9.0; Windows NT 6.1; Trident/5.0)"
66.150.8.161 - - [13/Mar/2014:14:09:32 -0400] "GET /sites/default/files/js/js_MsTENiWky5a1CkmPfb2yxYTX5hG-o3jDgQfynMVdEM4.js HTTP/1.1" 200 29885 "http://laser-laseradvantage.rhcloud.com/" "Mozilla/5.0 (compatible; MSIE 9.0; Windows NT 6.1; Trident/5.0)"
66.150.8.161 - - [13/Mar/2014:14:09:33 -0400] "GET /sites/default/files/css/css_9sxGDGiqoYoSx7kdDQ6i_fK7j8yl_iw4SeDX9fKzAHQ.css HTTP/1.1" 200 1602 "http://laser-laseradvantage.rhcloud.com/" "Mozilla/5.0 (compatible; MSIE 9.0; Windows NT 6.1; Trident/5.0)"
66.150.8.161 - - [13/Mar/2014:14:09:33 -0400] "GET /sites/default/files/js/js_xAPl0qIk9eowy_iS9tNkCWXLUVoat94SQT48UBCFkyQ.js HTTP/1.1" 200 32743 "http://laser-laseradvantage.rhcloud.com/" "Mozilla/5.0 (compatible; MSIE 9.0; Windows NT 6.1; Trident/5.0)"
66.150.8.161 - - [13/Mar/2014:14:09:33 -0400] "GET /sites/default/files/styles/slideshow_image/public/cutting_img_0.jpg?itok=sJL69xs3 HTTP/1.1" 200 52376 "http://laser-laseradvantage.rhcloud.com/" "Mozilla/5.0 (compatible; MSIE 9.0; Windows NT 6.1; Trident/5.0)"
- - - [13/Mar/2014:14:09:35 -0400] "OPTIONS * HTTP/1.0" 200 - "-" "Apache/2.2.15 (Red Hat) (internal dummy connection)"
66.150.8.161 - - [13/Mar/2014:14:09:35 -0400] "GET /sites/default/files/css/css_9TlfNQBcLD_7AFKRlmbqjRRfn9b3hHqVL39ForIUXow.css HTTP/1.1" 200 1813 "http://laser-laseradvantage.rhcloud.com/" "Mozilla/5.0 (compatible; MSIE 9.0; Windows NT 6.1; Trident/5.0)"
66.150.8.161 - - [13/Mar/2014:14:09:32 -0400] "GET /sites/default/files/styles/slideshow_image/public/maintenance.png?itok=Kimxlaqb HTTP/1.1" 200 468373 "http://laser-laseradvantage.rhcloud.com/" "Mozilla/5.0 (compatible; MSIE 9.0; Windows NT 6.1; Trident/5.0)"
66.150.8.161 - - [13/Mar/2014:14:09:36 -0400] "GET /sites/default/files/css/css_xc1m43s0g5wXrXHArec4rt4BZHEn3Mi92RvD5iZu6Tg.css HTTP/1.1" 200 14699 "http://laser-laseradvantage.rhcloud.com/" "Mozilla/5.0 (compatible; MSIE 9.0; Windows NT 6.1; Trident/5.0)"
66.150.8.161 - - [13/Mar/2014:14:09:36 -0400] "GET /sites/default/files/js/js_pF2hY2q4ZXFBNLWXkJM725wESyWCKPKt33lQvtZYa7Q.js HTTP/1.1" 200 163 "http://laser-laseradvantage.rhcloud.com/" "Mozilla/5.0 (compatible; MSIE 9.0; Windows NT 6.1; Trident/5.0)"
66.150.8.161 - - [13/Mar/2014:14:09:34 -0400] "GET /sites/default/files/styles/slideshow_image/public/service.png?itok=ogLlEbbe HTTP/1.1" 200 432736 "http://laser-laseradvantage.rhcloud.com/" "Mozilla/5.0 (compatible; MSIE 9.0; Windows NT 6.1; Trident/5.0)"
66.150.8.161 - - [13/Mar/2014:14:09:37 -0400] "GET /sites/default/files/styles/slideshow_image/public/welding-1.png?itok=hbfrmJ9L HTTP/1.1" 200 192808 "http://laser-laseradvantage.rhcloud.com/" "Mozilla/5.0 (compatible; MSIE 9.0; Windows NT 6.1; Trident/5.0)"
66.150.8.161 - - [13/Mar/2014:14:09:37 -0400] "GET /sites/default/files/styles/slideshow_image/public/cutting.png?itok=HN-TqwI- HTTP/1.1" 200 242181 "http://laser-laseradvantage.rhcloud.com/" "Mozilla/5.0 (compatible; MSIE 9.0; Windows NT 6.1; Trident/5.0)"
66.150.8.161 - - [13/Mar/2014:14:09:37 -0400] "GET /misc/menu-leaf.png HTTP/1.1" 200 126 "http://laser-laseradvantage.rhcloud.com/" "Mozilla/5.0 (compatible; MSIE 9.0; Windows NT 6.1; Trident/5.0)"
66.150.8.161 - - [13/Mar/2014:14:09:38 -0400] "GET /sites/default/files/images/get-a-quote.png HTTP/1.1" 200 29093 "http://laser-laseradvantage.rhcloud.com/" "Mozilla/5.0 (compatible; MSIE 9.0; Windows NT 6.1; Trident/5.0)"
66.150.8.161 - - [13/Mar/2014:14:09:39 -0400] "GET /misc/menu-expanded.png HTTP/1.1" 200 106 "http://laser-laseradvantage.rhcloud.com/" "Mozilla/5.0 (compatible; MSIE 9.0; Windows NT 6.1; Trident/5.0)"
66.150.8.161 - - [13/Mar/2014:14:09:40 -0400] "GET /sites/all/themes/laser/images/header-metal-background-top-1.png HTTP/1.1" 200 425481 "http://laser-laseradvantage.rhcloud.com/" "Mozilla/5.0 (compatible; MSIE 9.0; Windows NT 6.1; Trident/5.0)"
66.150.8.161 - - [13/Mar/2014:14:09:43 -0400] "GET /sites/all/themes/laser/images/body_background.png HTTP/1.1" 200 141 "http://laser-laseradvantage.rhcloud.com/" "Mozilla/5.0 (compatible; MSIE 9.0; Windows NT 6.1; Trident/5.0)"
50.78.27.129 - - [13/Mar/2014:14:09:43 -0400] "GET /maintenance HTTP/1.1" 200 5207 "http://laser-laseradvantage.rhcloud.com/application-development" "Mozilla/5.0 (Windows NT 6.1; WOW64) AppleWebKit/537.36 (KHTML, like Gecko) Chrome/33.0.1750.146 Safari/537.36"
66.150.8.161 - - [13/Mar/2014:14:09:44 -0400] "GET /sites/all/themes/laser/images/linkedin_32_sprite.png HTTP/1.1" 200 2440 "http://laser-laseradvantage.rhcloud.com/" "Mozilla/5.0 (compatible; MSIE 9.0; Windows NT 6.1; Trident/5.0)"
50.78.27.129 - - [13/Mar/2014:14:09:44 -0400] "GET /sites/default/files/styles/sub_page_image/public/sub_page_images/maintenance_0.jpg?itok=rIe8_-ZJ HTTP/1.1" 200 36245 "http://laser-laseradvantage.rhcloud.com/maintenance" "Mozilla/5.0 (Windows NT 6.1; WOW64) AppleWebKit/537.36 (KHTML, like Gecko) Chrome/33.0.1750.146 Safari/537.36"
66.150.8.161 - - [13/Mar/2014:14:09:44 -0400] "GET /sites/all/themes/laser/images/twitter_32_sprite.png HTTP/1.1" 200 2431 "http://laser-laseradvantage.rhcloud.com/" "Mozilla/5.0 (compatible; MSIE 9.0; Windows NT 6.1; Trident/5.0)"
66.150.8.161 - - [13/Mar/2014:14:09:44 -0400] "GET /sites/all/themes/laser/images/pager-inactive.png HTTP/1.1" 200 1072 "http://laser-laseradvantage.rhcloud.com/" "Mozilla/5.0 (compatible; MSIE 9.0; Windows NT 6.1; Trident/5.0)"
66.150.8.161 - - [13/Mar/2014:14:09:44 -0400] "GET /sites/all/themes/laser/images/slideshow-wave-1.png HTTP/1.1" 200 94215 "http://laser-laseradvantage.rhcloud.com/" "Mozilla/5.0 (compatible; MSIE 9.0; Windows NT 6.1; Trident/5.0)"
66.150.8.161 - - [13/Mar/2014:14:09:45 -0400] "GET /sites/all/themes/laser/images/vimeo_32_sprite.png HTTP/1.1" 200 2783 "http://laser-laseradvantage.rhcloud.com/" "Mozilla/5.0 (compatible; MSIE 9.0; Windows NT 6.1; Trident/5.0)"
66.150.8.161 - - [13/Mar/2014:14:09:45 -0400] "GET /sites/all/themes/laser/images/facebook_32_sprite.png HTTP/1.1" 200 2108 "http://laser-laseradvantage.rhcloud.com/" "Mozilla/5.0 (compatible; MSIE 9.0; Windows NT 6.1; Trident/5.0)"
50.78.27.129 - - [13/Mar/2014:14:09:39 -0400] "GET /about-us HTTP/1.1" 200 5156 "http://laser-laseradvantage.rhcloud.com/maintenance" "Mozilla/5.0 (X11; Linux x86_64) AppleWebKit/537.36 (KHTML, like Gecko) Chrome/33.0.1750.149 Safari/537.36"
- - - [13/Mar/2014:14:09:49 -0400] "OPTIONS * HTTP/1.0" 200 - "-" "Apache/2.2.15 (Red Hat) (internal dummy connection)"
66.150.8.161 - - [13/Mar/2014:14:09:51 -0400] "GET /sites/default/files/styles/slideshow_image/public/welding-1.png?itok=hbfrmJ9L HTTP/1.1" 200 192808 "http://laser-laseradvantage.rhcloud.com/" "Mozilla/4.0 (compatible; MSIE 7.0; Windows NT 6.1; Trident/5.0; SLCC2; .NET CLR 2.0.50727; .NET CLR 3.5.30729; .NET CLR 3.0.30729; .NET4.0C; .NET CLR 1.1.4322; Media Center PC 6.0; .NET4.0E; InfoPath.3)"
50.78.27.129 - - [13/Mar/2014:14:09:40 -0400] "GET /about-us HTTP/1.1" 200 5154 "http://laser-laseradvantage.rhcloud.com/maintenance" "Mozilla/5.0 (X11; Linux x86_64) AppleWebKit/537.36 (KHTML, like Gecko) Chrome/33.0.1750.149 Safari/537.36"
66.150.8.161 - - [13/Mar/2014:14:09:53 -0400] "GET /sites/default/files/styles/slideshow_image/public/cutting.png?itok=HN-TqwI- HTTP/1.1" 200 242181 "http://laser-laseradvantage.rhcloud.com/" "Mozilla/4.0 (compatible; MSIE 7.0; Windows NT 6.1; Trident/5.0; SLCC2; .NET CLR 2.0.50727; .NET CLR 3.5.30729; .NET CLR 3.0.30729; .NET4.0C; .NET CLR 1.1.4322; Media Center PC 6.0; .NET4.0E; InfoPath.3)"
50.78.27.129 - - [13/Mar/2014:14:09:41 -0400] "GET /about-us HTTP/1.1" 200 5155 "http://laser-laseradvantage.rhcloud.com/maintenance" "Mozilla/5.0 (X11; Linux x86_64) AppleWebKit/537.36 (KHTML, like Gecko) Chrome/33.0.1750.149 Safari/537.36"
66.150.8.161 - - [13/Mar/2014:14:09:52 -0400] "GET /sites/default/files/styles/slideshow_image/public/maintenance.png?itok=Kimxlaqb HTTP/1.1" 200 468373 "http://laser-laseradvantage.rhcloud.com/" "Mozilla/4.0 (compatible; MSIE 7.0; Windows NT 6.1; Trident/5.0; SLCC2; .NET CLR 2.0.50727; .NET CLR 3.5.30729; .NET CLR 3.0.30729; .NET4.0C; .NET CLR 1.1.4322; Media Center PC 6.0; .NET4.0E; InfoPath.3)"
50.78.27.129 - - [13/Mar/2014:14:09:40 -0400] "GET /forms/quote-form HTTP/1.1" 200 29443 "http://laser-laseradvantage.rhcloud.com/application-development" "Mozilla/5.0 (Windows NT 6.1; WOW64) AppleWebKit/537.36 (KHTML, like Gecko) Chrome/33.0.1750.146 Safari/537.36"
- - - [13/Mar/2014:14:09:55 -0400] "OPTIONS * HTTP/1.0" 200 - "-" "Apache/2.2.15 (Red Hat) (internal dummy connection)"
- - - [13/Mar/2014:14:09:56 -0400] "OPTIONS * HTTP/1.0" 200 - "-" "Apache/2.2.15 (Red Hat) (internal dummy connection)"
66.150.8.161 - - [13/Mar/2014:14:09:53 -0400] "GET /sites/default/files/styles/slideshow_image/public/service.png?itok=ogLlEbbe HTTP/1.1" 200 432736 "http://laser-laseradvantage.rhcloud.com/" "Mozilla/4.0 (compatible; MSIE 7.0; Windows NT 6.1; Trident/5.0; SLCC2; .NET CLR 2.0.50727; .NET CLR 3.5.30729; .NET CLR 3.0.30729; .NET4.0C; .NET CLR 1.1.4322; Media Center PC 6.0; .NET4.0E; InfoPath.3)"
66.150.8.161 - - [13/Mar/2014:14:09:57 -0400] "GET /about-us HTTP/1.1" 200 5155 "http://laser-laseradvantage.rhcloud.com/" "Mozilla/5.0 (compatible; MSIE 9.0; Windows NT 6.1; Trident/5.0)"
- - - [13/Mar/2014:14:09:58 -0400] "OPTIONS * HTTP/1.0" 200 - "-" "Apache/2.2.15 (Red Hat) (internal dummy connection)"
66.150.8.161 - - [13/Mar/2014:14:09:58 -0400] "GET /sites/default/files/css/css_8c-ECcloiKaDWqy5NZy8858ymSfu9qESWnqr9yb-Bdk.css HTTP/1.1" 200 1778 "http://laser-laseradvantage.rhcloud.com/about-us" "Mozilla/5.0 (compatible; MSIE 9.0; Windows NT 6.1; Trident/5.0)"
66.150.8.161 - - [13/Mar/2014:14:09:58 -0400] "GET /sites/default/files/js/js_5WFUh1rwJOVGi1iP5p-WPl414y4htCQQw7U1RQH_-T8.js HTTP/1.1" 200 12474 "http://laser-laseradvantage.rhcloud.com/about-us" "Mozilla/5.0 (compatible; MSIE 9.0; Windows NT 6.1; Trident/5.0)"
66.150.8.161 - - [13/Mar/2014:14:09:59 -0400] "GET /sites/default/files/styles/sub_page_image/public/sub_page_images/aboutus.png?itok=-w10S3Dn HTTP/1.1" 200 58538 "http://laser-laseradvantage.rhcloud.com/about-us" "Mozilla/5.0 (compatible; MSIE 9.0; Windows NT 6.1; Trident/5.0)"
50.78.27.129 - - [13/Mar/2014:14:09:59 -0400] "GET /about-us HTTP/1.1" 200 5155 "http://laser-laseradvantage.rhcloud.com/maintenance" "Mozilla/5.0 (Windows NT 6.1; WOW64) AppleWebKit/537.36 (KHTML, like Gecko) Chrome/33.0.1750.146 Safari/537.36"
66.150.8.161 - - [13/Mar/2014:14:10:00 -0400] "GET /sites/all/modules/colorbox/styles/default/images/controls.png HTTP/1.1" 200 2104 "http://laser-laseradvantage.rhcloud.com/about-us" "Mozilla/5.0 (compatible; MSIE 9.0; Windows NT 6.1; Trident/5.0)"
66.150.8.161 - - [13/Mar/2014:14:10:00 -0400] "GET /sites/all/modules/colorbox/styles/default/images/loading_animation.gif HTTP/1.1" 200 2767 "http://laser-laseradvantage.rhcloud.com/about-us" "Mozilla/5.0 (compatible; MSIE 9.0; Windows NT 6.1; Trident/5.0)"
66.150.8.161 - - [13/Mar/2014:14:10:00 -0400] "GET /sites/all/themes/laser/css/bootstrap/img/glyphicons-halflings.png HTTP/1.1" 200 4352 "http://laser-laseradvantage.rhcloud.com/about-us" "Mozilla/5.0 (compatible; MSIE 9.0; Windows NT 6.1; Trident/5.0)"
66.150.8.161 - - [13/Mar/2014:14:09:44 -0400] "GET /about-us HTTP/1.1" 200 5155 "http://laser-laseradvantage.rhcloud.com/" "Mozilla/5.0 (compatible; MSIE 9.0; Windows NT 6.1; Trident/5.0)"
- - - [13/Mar/2014:14:10:01 -0400] "OPTIONS * HTTP/1.0" 200 - "-" "Apache/2.2.15 (Red Hat) (internal dummy connection)"
50.78.27.129 - - [13/Mar/2014:14:10:04 -0400] "GET /contact-us HTTP/1.1" 200 5197 "http://laser-laseradvantage.rhcloud.com/about-us" "Mozilla/5.0 (Windows NT 6.1; WOW64) AppleWebKit/537.36 (KHTML, like Gecko) Chrome/33.0.1750.146 Safari/537.36"
50.78.27.129 - - [13/Mar/2014:14:09:51 -0400] "GET /contact-us HTTP/1.1" 200 5197 "http://laser-laseradvantage.rhcloud.com/maintenance" "Mozilla/5.0 (Windows NT 6.1; WOW64) AppleWebKit/537.36 (KHTML, like Gecko) Chrome/33.0.1750.146 Safari/537.36"
- - - [13/Mar/2014:14:10:05 -0400] "OPTIONS * HTTP/1.0" 200 - "-" "Apache/2.2.15 (Red Hat) (internal dummy connection)"
50.78.27.129 - - [13/Mar/2014:14:09:53 -0400] "GET /contact-us HTTP/1.1" 200 5193 "http://laser-laseradvantage.rhcloud.com/maintenance" "Mozilla/5.0 (Windows NT 6.1; WOW64) AppleWebKit/537.36 (KHTML, like Gecko) Chrome/33.0.1750.146 Safari/537.36"
- - - [13/Mar/2014:14:10:08 -0400] "OPTIONS * HTTP/1.0" 200 - "-" "Apache/2.2.15 (Red Hat) (internal dummy connection)"
50.78.27.129 - - [13/Mar/2014:14:09:56 -0400] "GET /contact-us HTTP/1.1" 200 5192 "http://laser-laseradvantage.rhcloud.com/about-us" "Mozilla/5.0 (X11; Linux x86_64) AppleWebKit/537.36 (KHTML, like Gecko) Chrome/33.0.1750.149 Safari/537.36"
- - - [13/Mar/2014:14:10:09 -0400] "OPTIONS * HTTP/1.0" 200 - "-" "Apache/2.2.15 (Red Hat) (internal dummy connection)"
66.150.8.161 - - [13/Mar/2014:14:10:20 -0400] "GET /systems HTTP/1.1" 200 5039 "http://laser-laseradvantage.rhcloud.com/about-us" "Mozilla/5.0 (compatible; MSIE 9.0; Windows NT 6.1; Trident/5.0)"
66.150.8.161 - - [13/Mar/2014:14:10:20 -0400] "GET /sites/default/files/styles/sub_page_image/public/sub_page_images/systems_0.jpg?itok=PUfx1W85 HTTP/1.1" 200 13867 "http://laser-laseradvantage.rhcloud.com/systems" "Mozilla/5.0 (compatible; MSIE 9.0; Windows NT 6.1; Trident/5.0)"
50.78.27.129 - - [13/Mar/2014:14:10:22 -0400] "GET /forms/quote-form HTTP/1.1" 200 29443 "http://laser-laseradvantage.rhcloud.com/contact-us" "Mozilla/5.0 (X11; Linux x86_64) AppleWebKit/537.36 (KHTML, like Gecko) Chrome/33.0.1750.149 Safari/537.36"
50.78.27.129 - - [13/Mar/2014:14:10:25 -0400] "GET /sites/default/files/js/js_n7Lw7PPN-xdTJcPryjHWWwcX-NVLfdUvNwg6eFAlc8I.js HTTP/1.1" 200 11099 "http://laser-laseradvantage.rhcloud.com/forms/quote-form" "Mozilla/5.0 (X11; Linux x86_64) AppleWebKit/537.36 (KHTML, like Gecko) Chrome/33.0.1750.149 Safari/537.36"
50.78.27.129 - - [13/Mar/2014:14:10:25 -0400] "GET /sites/default/files/js/js_0_I0QAa3G-EMxWn4kfXsYZY_qyLEwINLQu2PvagBzsQ.js HTTP/1.1" 200 6268 "http://laser-laseradvantage.rhcloud.com/forms/quote-form" "Mozilla/5.0 (X11; Linux x86_64) AppleWebKit/537.36 (KHTML, like Gecko) Chrome/33.0.1750.149 Safari/537.36"
50.78.27.129 - - [13/Mar/2014:14:10:25 -0400] "GET /sites/default/files/css/css_muMs3-4w53M16KI2O8ojlKoDlPm69SrWfMdA605KyGI.css HTTP/1.1" 200 1881 "http://laser-laseradvantage.rhcloud.com/forms/quote-form" "Mozilla/5.0 (X11; Linux x86_64) AppleWebKit/537.36 (KHTML, like Gecko) Chrome/33.0.1750.149 Safari/537.36"
50.78.27.129 - - [13/Mar/2014:14:10:25 -0400] "GET /sites/default/files/js/js_IDBX5SzkJ9gGNq7x-qOE_2DZsexqguTJQGMKvi4w-Uw.js HTTP/1.1" 200 1246 "http://laser-laseradvantage.rhcloud.com/forms/quote-form" "Mozilla/5.0 (X11; Linux x86_64) AppleWebKit/537.36 (KHTML, like Gecko) Chrome/33.0.1750.149 Safari/537.36"
50.78.27.129 - - [13/Mar/2014:14:10:25 -0400] "GET /sites/default/files/js/js_oA3gyRf_B4IXfrmqHdZXMOV6CsmZ0AWdUmZqhvI9J28.js HTTP/1.1" 200 11845 "http://laser-laseradvantage.rhcloud.com/forms/quote-form" "Mozilla/5.0 (X11; Linux x86_64) AppleWebKit/537.36 (KHTML, like Gecko) Chrome/33.0.1750.149 Safari/537.36"
66.150.8.161 - - [13/Mar/2014:14:10:25 -0400] "GET /upgrades HTTP/1.1" 200 4975 "http://laser-laseradvantage.rhcloud.com/systems" "Mozilla/5.0 (compatible; MSIE 9.0; Windows NT 6.1; Trident/5.0)"
50.78.27.129 - - [13/Mar/2014:14:10:26 -0400] "GET /misc/grippie.png HTTP/1.1" 200 106 "http://laser-laseradvantage.rhcloud.com/forms/quote-form" "Mozilla/5.0 (X11; Linux x86_64) AppleWebKit/537.36 (KHTML, like Gecko) Chrome/33.0.1750.149 Safari/537.36"
66.150.8.161 - - [13/Mar/2014:14:10:26 -0400] "GET /sites/default/files/styles/sub_page_image/public/sub_page_images/upgrades.jpg?itok=HZ74I3p6 HTTP/1.1" 200 19941 "http://laser-laseradvantage.rhcloud.com/upgrades" "Mozilla/5.0 (compatible; MSIE 9.0; Windows NT 6.1; Trident/5.0)"
66.150.8.161 - - [13/Mar/2014:14:10:26 -0400] "GET /sites/all/themes/laser/images/red-arrow.png HTTP/1.1" 200 1587 "http://laser-laseradvantage.rhcloud.com/upgrades" "Mozilla/5.0 (compatible; MSIE 9.0; Windows NT 6.1; Trident/5.0)"
50.78.27.129 - - [13/Mar/2014:14:10:24 -0400] "GET /directions HTTP/1.1" 200 5210 "http://laser-laseradvantage.rhcloud.com/contact-us" "Mozilla/5.0 (Windows NT 6.1; WOW64) AppleWebKit/537.36 (KHTML, like Gecko) Chrome/33.0.1750.146 Safari/537.36"
- - - [13/Mar/2014:14:10:28 -0400] "OPTIONS * HTTP/1.0" 200 - "-" "Apache/2.2.15 (Red Hat) (internal dummy connection)"
66.150.8.161 - - [13/Mar/2014:14:10:29 -0400] "GET /turn-key HTTP/1.1" 200 4805 "http://laser-laseradvantage.rhcloud.com/upgrades" "Mozilla/5.0 (compatible; MSIE 9.0; Windows NT 6.1; Trident/5.0)"
